Component: ARM Compiler 6.7 Tool: armlink [5c9ef700]

==============================================================================

Section Cross References

    main.o(.text.main) refers to task_sysinit.o(.text.Task_Sys_Init) for Task_Sys_Init
    main.o(.text.main) refers to task_userinit.o(.text.Task_UserInit) for Task_UserInit
    main.o(.text.main) refers to usercode.o(.text.UserLogic_Code) for UserLogic_Code
    main.o(.ARM.exidx.text.main) refers to main.o(.text.main) for [Anonymous Symbol]
    usercode.o(.text) refers (Special) to _scanf_int.o(.text) for _scanf_int
    usercode.o(.text) refers (Special) to _scanf_str.o(.text) for _scanf_string
    usercode.o(.text.ROV_Init) refers (Special) to _scanf_int.o(.text) for _scanf_int
    usercode.o(.text.ROV_Init) refers (Special) to _scanf_str.o(.text) for _scanf_string
    usercode.o(.text.ROV_Init) refers to usercode.o(.text.ROV_StopAll) for ROV_StopAll
    usercode.o(.text.ROV_Init) refers to memseta.o(.text) for __aeabi_memclr4
    usercode.o(.text.ROV_Init) refers to drv_hal_uart.o(.text.Drv_Uart_DMAInit) for Drv_Uart_DMAInit
    usercode.o(.text.ROV_Init) refers to printfa.o(i.__0printf) for __2printf
    usercode.o(.text.ROV_Init) refers to usercode.o(.bss.uart2_rx_buffer) for [Anonymous Symbol]
    usercode.o(.text.ROV_Init) refers to usercode.o(.bss..L_MergedGlobals) for [Anonymous Symbol]
    usercode.o(.text.ROV_Init) refers to config.o(.data.rovUart2) for rovUart2
    usercode.o(.text.ROV_Init) refers to config.o(.data.rovUart1) for rovUart1
    usercode.o(.text.ROV_Init) refers to puts.o(i.puts) for puts
    usercode.o(.text.ROV_Init) refers to config.o(.data.MT_PWM) for MT_PWM
    usercode.o(.ARM.exidx.text.ROV_Init) refers (Special) to _scanf_int.o(.text) for _scanf_int
    usercode.o(.ARM.exidx.text.ROV_Init) refers (Special) to _scanf_str.o(.text) for _scanf_string
    usercode.o(.ARM.exidx.text.ROV_Init) refers to usercode.o(.text.ROV_Init) for [Anonymous Symbol]
    usercode.o(.text.ROV_StopAll) refers (Special) to _scanf_int.o(.text) for _scanf_int
    usercode.o(.text.ROV_StopAll) refers (Special) to _scanf_str.o(.text) for _scanf_string
    usercode.o(.text.ROV_StopAll) refers to usercode.o(.text.ROV_MotorControl) for ROV_MotorControl
    usercode.o(.ARM.exidx.text.ROV_StopAll) refers (Special) to _scanf_int.o(.text) for _scanf_int
    usercode.o(.ARM.exidx.text.ROV_StopAll) refers (Special) to _scanf_str.o(.text) for _scanf_string
    usercode.o(.ARM.exidx.text.ROV_StopAll) refers to usercode.o(.text.ROV_StopAll) for [Anonymous Symbol]
    usercode.o(.text.ROV_MotorControl) refers (Special) to _scanf_int.o(.text) for _scanf_int
    usercode.o(.text.ROV_MotorControl) refers (Special) to _scanf_str.o(.text) for _scanf_string
    usercode.o(.text.ROV_MotorControl) refers to fflti.o(.text) for __aeabi_i2f
    usercode.o(.text.ROV_MotorControl) refers to config.o(.data.MT_PWM) for MT_PWM
    usercode.o(.text.ROV_MotorControl) refers to drv_hal_pwm.o(.text.Drv_PWM_DutyFactorSet) for Drv_PWM_DutyFactorSet
    usercode.o(.ARM.exidx.text.ROV_MotorControl) refers (Special) to _scanf_int.o(.text) for _scanf_int
    usercode.o(.ARM.exidx.text.ROV_MotorControl) refers (Special) to _scanf_str.o(.text) for _scanf_string
    usercode.o(.ARM.exidx.text.ROV_MotorControl) refers to usercode.o(.text.ROV_MotorControl) for [Anonymous Symbol]
    usercode.o(.text.ROV_MoveUp) refers (Special) to _scanf_int.o(.text) for _scanf_int
    usercode.o(.text.ROV_MoveUp) refers (Special) to _scanf_str.o(.text) for _scanf_string
    usercode.o(.text.ROV_MoveUp) refers to usercode.o(.text.ROV_MotorControl) for ROV_MotorControl
    usercode.o(.ARM.exidx.text.ROV_MoveUp) refers (Special) to _scanf_int.o(.text) for _scanf_int
    usercode.o(.ARM.exidx.text.ROV_MoveUp) refers (Special) to _scanf_str.o(.text) for _scanf_string
    usercode.o(.ARM.exidx.text.ROV_MoveUp) refers to usercode.o(.text.ROV_MoveUp) for [Anonymous Symbol]
    usercode.o(.text.ROV_MoveDown) refers (Special) to _scanf_int.o(.text) for _scanf_int
    usercode.o(.text.ROV_MoveDown) refers (Special) to _scanf_str.o(.text) for _scanf_string
    usercode.o(.text.ROV_MoveDown) refers to usercode.o(.text.ROV_MotorControl) for ROV_MotorControl
    usercode.o(.ARM.exidx.text.ROV_MoveDown) refers (Special) to _scanf_int.o(.text) for _scanf_int
    usercode.o(.ARM.exidx.text.ROV_MoveDown) refers (Special) to _scanf_str.o(.text) for _scanf_string
    usercode.o(.ARM.exidx.text.ROV_MoveDown) refers to usercode.o(.text.ROV_MoveDown) for [Anonymous Symbol]
    usercode.o(.text.ROV_MoveForward) refers (Special) to _scanf_int.o(.text) for _scanf_int
    usercode.o(.text.ROV_MoveForward) refers (Special) to _scanf_str.o(.text) for _scanf_string
    usercode.o(.text.ROV_MoveForward) refers to usercode.o(.text.ROV_MotorControl) for ROV_MotorControl
    usercode.o(.ARM.exidx.text.ROV_MoveForward) refers (Special) to _scanf_int.o(.text) for _scanf_int
[...]
    __arm_cp.2_60                            0x0800170c   Number         4  drv_hal_pwm.o(.text.Drv_PWM_Init)
    __arm_cp.2_61                            0x08001710   Number         4  drv_hal_pwm.o(.text.Drv_PWM_Init)
    __arm_cp.2_62                            0x08001714   Number         4  drv_hal_pwm.o(.text.Drv_PWM_Init)
    __arm_cp.2_0                             0x08001ad4   Number         4  drv_hal_pwm.o(.text.Drv_PWM_Init)
    __arm_cp.2_1                             0x08001ad8   Number         4  drv_hal_pwm.o(.text.Drv_PWM_Init)
    __arm_cp.2_2                             0x08001adc   Number         4  drv_hal_pwm.o(.text.Drv_PWM_Init)
    __arm_cp.2_3                             0x08001ae0   Number         4  drv_hal_pwm.o(.text.Drv_PWM_Init)
    __arm_cp.2_4                             0x08001ae4   Number         4  drv_hal_pwm.o(.text.Drv_PWM_Init)
    __arm_cp.2_9                             0x08001b68   Number         4  drv_hal_pwm.o(.text.Drv_PWM_Init)
    __arm_cp.2_10                            0x08001b6c   Number         4  drv_hal_pwm.o(.text.Drv_PWM_Init)
    __arm_cp.2_11                            0x08001b70   Number         4  drv_hal_pwm.o(.text.Drv_PWM_Init)
    __arm_cp.2_12                            0x08001b74   Number         4  drv_hal_pwm.o(.text.Drv_PWM_Init)
    __arm_cp.2_13                            0x08001b78   Number         4  drv_hal_pwm.o(.text.Drv_PWM_Init)
    __arm_cp.2_14                            0x08001b7c   Number         4  drv_hal_pwm.o(.text.Drv_PWM_Init)
    __arm_cp.2_15                            0x08001b80   Number         4  drv_hal_pwm.o(.text.Drv_PWM_Init)
    __arm_cp.2_16                            0x08001b84   Number         4  drv_hal_pwm.o(.text.Drv_PWM_Init)
    __arm_cp.2_17                            0x08001b88   Number         4  drv_hal_pwm.o(.text.Drv_PWM_Init)
    __arm_cp.2_18                            0x08001b8c   Number         4  drv_hal_pwm.o(.text.Drv_PWM_Init)
    __arm_cp.2_19                            0x08001b90   Number         4  drv_hal_pwm.o(.text.Drv_PWM_Init)
    __arm_cp.2_20                            0x08001b94   Number         4  drv_hal_pwm.o(.text.Drv_PWM_Init)
    __arm_cp.2_21                            0x08001b98   Number         4  drv_hal_pwm.o(.text.Drv_PWM_Init)
    __arm_cp.2_22                            0x08001b9c   Number         4  drv_hal_pwm.o(.text.Drv_PWM_Init)
    __arm_cp.2_23                            0x08001ba0   Number         4  drv_hal_pwm.o(.text.Drv_PWM_Init)
    __arm_cp.2_24                            0x08001ba4   Number         4  drv_hal_pwm.o(.text.Drv_PWM_Init)
    __arm_cp.2_25                            0x08001ba8   Number         4  drv_hal_pwm.o(.text.Drv_PWM_Init)
    __arm_cp.2_26                            0x08001bac   Number         4  drv_hal_pwm.o(.text.Drv_PWM_Init)
    __arm_cp.2_27                            0x08001bb0   Number         4  drv_hal_pwm.o(.text.Drv_PWM_Init)
    __arm_cp.2_28                            0x08001bb4   Number         4  drv_hal_pwm.o(.text.Drv_PWM_Init)
    __arm_cp.2_29                            0x08001bb8   Number         4  drv_hal_pwm.o(.text.Drv_PWM_Init)
    __arm_cp.2_30                            0x08001bbc   Number         4  drv_hal_pwm.o(.text.Drv_PWM_Init)
    __arm_cp.2_31                            0x08001bc0   Number         4  drv_hal_pwm.o(.text.Drv_PWM_Init)
    __arm_cp.2_32                            0x08001bc4   Number         4  drv_hal_pwm.o(.text.Drv_PWM_Init)
    __arm_cp.2_33                            0x08001bc8   Number         4  drv_hal_pwm.o(.text.Drv_PWM_Init)
    __arm_cp.2_34                            0x08001bcc   Number         4  drv_hal_pwm.o(.text.Drv_PWM_Init)
    __arm_cp.2_35                            0x08001bd0   Number         4  drv_hal_pwm.o(.text.Drv_PWM_Init)
    __arm_cp.2_36                            0x08001bd4   Number         4  drv_hal_pwm.o(.text.Drv_PWM_Init)
    __arm_cp.2_37                            0x08001bd8   Number         4  drv_hal_pwm.o(.text.Drv_PWM_Init)
    __arm_cp.2_38                            0x08001bdc   Number         4  drv_hal_pwm.o(.text.Drv_PWM_Init)
    __arm_cp.2_39                            0x08001be0   Number         4  drv_hal_pwm.o(.text.Drv_PWM_Init)
    __arm_cp.2_40                            0x08001be4   Number         4  drv_hal_pwm.o(.text.Drv_PWM_Init)
    __arm_cp.2_41                            0x08001be8   Number         4  drv_hal_pwm.o(.text.Drv_PWM_Init)
    __arm_cp.2_42                            0x08001bec   Number         4  drv_hal_pwm.o(.text.Drv_PWM_Init)
    __arm_cp.2_43                            0x08001bf0   Number         4  drv_hal_pwm.o(.text.Drv_PWM_Init)
    __arm_cp.2_44                            0x08001bf4   Number         4  drv_hal_pwm.o(.text.Drv_PWM_Init)
    __arm_cp.2_45                            0x08001bf8   Number         4  drv_hal_pwm.o(.text.Drv_PWM_Init)
    __arm_cp.2_46                            0x08001bfc   Number         4  drv_hal_pwm.o(.text.Drv_PWM_Init)
    __arm_cp.2_48                            0x08001c00   Number         4  drv_hal_pwm.o(.text.Drv_PWM_Init)
    __arm_cp.2_50                            0x08001c04   Number         4  drv_hal_pwm.o(.text.Drv_PWM_Init)
    [Anonymous Symbol]                       0x08001c08   Section        0  drv_hal_uart.o(.text.Drv_Uart_DMAInit)
    __arm_cp.12_0                            0x08001dc8   Number         4  drv_hal_uart.o(.text.Drv_Uart_DMAInit)
    __arm_cp.12_1                            0x08001dcc   Number         4  drv_hal_uart.o(.text.Drv_Uart_DMAInit)
    __arm_cp.12_2                            0x08001dd0   Number         4  drv_hal_uart.o(.text.Drv_Uart_DMAInit)
    __arm_cp.12_3                            0x08001dd4   Number         4  drv_hal_uart.o(.text.Drv_Uart_DMAInit)
    __arm_cp.12_4                            0x08001dd8   Number         4  drv_hal_uart.o(.text.Drv_Uart_DMAInit)
    __arm_cp.12_5                            0x08001ddc   Number         4  drv_hal_uart.o(.text.Drv_Uart_DMAInit)
    __arm_cp.12_6                            0x08001de0   Number         4  drv_hal_uart.o(.text.Drv_Uart_DMAInit)
    [Anonymous Symbol]                       0x08001de4   Section        0  drv_hal_uart.o(.text.Drv_Uart_Transmit_DMA)
    [Anonymous Symbol]                       0x08001e0c   Section        0  task_irq.o(.text.EXTI15_10_IRQHandler)
    [Anonymous Symbol]                       0x08001e10   Section        0  task_irq.o(.text.EXTI9_5_IRQHandler)
    [Anonymous Symbol]                       0x08001e14   Section        0  stm32f1xx_hal_dma.o(.text.HAL_DMA_GetState)
    [Anonymous Symbol]                       0x08001e1c   Section        0  stm32f1xx_hal_dma.o(.text.HAL_DMA_Init)
    __arm_cp.0_0                             0x08001e90   Number         4  stm32f1xx_hal_dma.o(.text.HAL_DMA_Init)
    __arm_cp.0_1                             0x08001e94   Number         4  stm32f1xx_hal_dma.o(.text.HAL_DMA_Init)
    [Anonymous Symbol]                       0x08001e98   Section        0  stm32f1xx_hal_dma.o(.text.HAL_DMA_Start_IT)
    [Anonymous Symbol]                       0x08001f08   Section        0  stm32f1xx_hal_gpio.o(.text.HAL_GPIO_Init)
    __arm_cp.0_0                             0x08002084   Number         4  stm32f1xx_hal_gpio.o(.text.HAL_GPIO_Init)
    __arm_cp.0_1                             0x08002088   Number         4  stm32f1xx_hal_gpio.o(.text.HAL_GPIO_Init)
    __arm_cp.0_2                             0x0800208c   Number         4  stm32f1xx_hal_gpio.o(.text.HAL_GPIO_Init)
    __arm_cp.0_3                             0x08002090   Number         4  stm32f1xx_hal_gpio.o(.text.HAL_GPIO_Init)
    __arm_cp.0_4                             0x08002094   Number         4  stm32f1xx_hal_gpio.o(.text.HAL_GPIO_Init)
    __arm_cp.0_5                             0x08002098   Number         4  stm32f1xx_hal_gpio.o(.text.HAL_GPIO_Init)
    __arm_cp.0_6                             0x0800209c   Number         4  stm32f1xx_hal_gpio.o(.text.HAL_GPIO_Init)
    __arm_cp.0_7                             0x080020a0   Number         4  stm32f1xx_hal_gpio.o(.text.HAL_GPIO_Init)
    __arm_cp.0_8                             0x080020a4   Number         4  stm32f1xx_hal_gpio.o(.text.HAL_GPIO_Init)
    __arm_cp.0_10                            0x080020a8   Number         4  stm32f1xx_hal_gpio.o(.text.HAL_GPIO_Init)
    __arm_cp.0_11                            0x080020ac   Number         4  stm32f1xx_hal_gpio.o(.text.HAL_GPIO_Init)
    __arm_cp.0_12                            0x080020b0   Number         4  stm32f1xx_hal_gpio.o(.text.HAL_GPIO_Init)
    [Anonymous Symbol]                       0x080020b4   Section        0  stm32f1xx_hal.o(.text.HAL_GetTick)
    [Anonymous Symbol]                       0x080020bc   Section        0  stm32f1xx_hal.o(.text.HAL_IncTick)
    [Anonymous Symbol]                       0x080020c8   Section        0  stm32f1xx_hal.o(.text.HAL_Init)
    __arm_cp.0_0                             0x080020e8   Number         4  stm32f1xx_hal.o(.text.HAL_Init)
    [Anonymous Symbol]                       0x080020ec   Section        0  stm32f1xx_hal.o(.text.HAL_InitTick)
    __arm_cp.1_0                             0x08002124   Number         4  stm32f1xx_hal.o(.text.HAL_InitTick)
    [Anonymous Symbol]                       0x08002128   Section        0  drv_hal.o(.text.HAL_MspInit)
    __arm_cp.17_0                            0x080021ac   Number         4  drv_hal.o(.text.HAL_MspInit)
    __arm_cp.17_1                            0x080021b0   Number         4  drv_hal.o(.text.HAL_MspInit)
    __arm_cp.17_2                            0x080021b4   Number         4  drv_hal.o(.text.HAL_MspInit)
    [Anonymous Symbol]                       0x080021b8   Section        0  stm32f1xx_hal_cortex.o(.text.HAL_NVIC_EnableIRQ)
    __arm_cp.2_0                             0x080021d0   Number         4  stm32f1xx_hal_cortex.o(.text.HAL_NVIC_EnableIRQ)
    [Anonymous Symbol]                       0x080021d4   Section        0  stm32f1xx_hal_cortex.o(.text.HAL_NVIC_SetPriority)
    __arm_cp.1_0                             0x08002228   Number         4  stm32f1xx_hal_cortex.o(.text.HAL_NVIC_SetPriority)
    [Anonymous Symbol]                       0x0800222c   Section        0  stm32f1xx_hal_cortex.o(.text.HAL_NVIC_SetPriorityGrouping)
    __arm_cp.0_0                             0x08002244   Number         4  stm32f1xx_hal_cortex.o(.text.HAL_NVIC_SetPriorityGrouping)
    __arm_cp.0_1                             0x08002248   Number         4  stm32f1xx_hal_cortex.o(.text.HAL_NVIC_SetPriorityGrouping)
    [Anonymous Symbol]                       0x0800224c   Section        0  stm32f1xx_hal_rcc.o(.text.HAL_RCC_ClockConfig)
    __arm_cp.2_0                             0x08002374   Number         4  stm32f1xx_hal_rcc.o(.text.HAL_RCC_ClockConfig)
    __arm_cp.2_1                             0x08002378   Number         4  stm32f1xx_hal_rcc.o(.text.HAL_RCC_ClockConfig)
    __arm_cp.2_3                             0x0800237c   Number         4  stm32f1xx_hal_rcc.o(.text.HAL_RCC_ClockConfig)
    [Anonymous Symbol]                       0x08002380   Section        0  stm32f1xx_hal_rcc.o(.text.HAL_RCC_GetPCLK1Freq)
    [Anonymous Symbol]                       0x08002394   Section        0  stm32f1xx_hal_rcc.o(.text.HAL_RCC_GetPCLK2Freq)
    __arm_cp.9_0                             0x080023a8   Number         4  stm32f1xx_hal_rcc.o(.text.HAL_RCC_GetPCLK2Freq)
    __arm_cp.9_2                             0x080023ac   Number         4  stm32f1xx_hal_rcc.o(.text.HAL_RCC_GetPCLK2Freq)
    [Anonymous Symbol]                       0x080023b0   Section        0  stm32f1xx_hal_rcc.o(.text.HAL_RCC_GetSysClockFreq)
    __arm_cp.3_0                             0x080023e8   Number         4  stm32f1xx_hal_rcc.o(.text.HAL_RCC_GetSysClockFreq)
    __arm_cp.3_1                             0x080023ec   Number         4  stm32f1xx_hal_rcc.o(.text.HAL_RCC_GetSysClockFreq)
    HAL_RCC_GetSysClockFreq.aPLLMULFactorTable 0x080023f0   Number         0  stm32f1xx_hal_rcc.o(.text.HAL_RCC_GetSysClockFreq)
    HAL_RCC_GetSysClockFreq.aPredivFactorTable 0x08002400   Number         0  stm32f1xx_hal_rcc.o(.text.HAL_RCC_GetSysClockFreq)
    __arm_cp.3_4                             0x08002404   Number         4  stm32f1xx_hal_rcc.o(.text.HAL_RCC_GetSysClockFreq)
    [Anonymous Symbol]                       0x08002408   Section        0  stm32f1xx_hal_rcc.o(.text.HAL_RCC_OscConfig)
    __arm_cp.1_0                             0x08002774   Number         4  stm32f1xx_hal_rcc.o(.text.HAL_RCC_OscConfig)
    __arm_cp.1_1                             0x08002778   Number         4  stm32f1xx_hal_rcc.o(.text.HAL_RCC_OscConfig)
    __arm_cp.1_2                             0x0800277c   Number         4  stm32f1xx_hal_rcc.o(.text.HAL_RCC_OscConfig)
    __arm_cp.1_3                             0x08002780   Number         4  stm32f1xx_hal_rcc.o(.text.HAL_RCC_OscConfig)
    __arm_cp.1_4                             0x08002784   Number         4  stm32f1xx_hal_rcc.o(.text.HAL_RCC_OscConfig)
    [Anonymous Symbol]                       0x08002788   Section        0  stm32f1xx_hal_cortex.o(.text.HAL_SYSTICK_Callback)
    [Anonymous Symbol]                       0x0800278c   Section        0  stm32f1xx_hal_cortex.o(.text.HAL_SYSTICK_Config)
    __arm_cp.5_0                             0x080027ac   Number         4  stm32f1xx_hal_cortex.o(.text.HAL_SYSTICK_Config)
    __arm_cp.5_1                             0x080027b0   Number         4  stm32f1xx_hal_cortex.o(.text.HAL_SYSTICK_Config)
    [Anonymous Symbol]                       0x080027b4   Section        0  stm32f1xx_hal_cortex.o(.text.HAL_SYSTICK_IRQHandler)
    [Anonymous Symbol]                       0x080027b8   Section        0  stm32f1xx_hal_tim.o(.text.HAL_TIM_PWM_ConfigChannel)
    [Anonymous Symbol]                       0x08002850   Section        0  stm32f1xx_hal_tim.o(.text.HAL_TIM_PWM_Init)
    [Anonymous Symbol]                       0x080028a8   Section        0  stm32f1xx_hal_tim.o(.text.HAL_TIM_PWM_MspInit)
    [Anonymous Symbol]                       0x080028ac   Section        0  stm32f1xx_hal_tim.o(.text.HAL_TIM_PWM_Start)
    __arm_cp.31_0                            0x08002970   Number         4  stm32f1xx_hal_tim.o(.text.HAL_TIM_PWM_Start)
    __arm_cp.31_1                            0x08002974   Number         4  stm32f1xx_hal_tim.o(.text.HAL_TIM_PWM_Start)
    __arm_cp.31_2                            0x08002978   Number         4  stm32f1xx_hal_tim.o(.text.HAL_TIM_PWM_Start)
    __arm_cp.31_3                            0x0800297c   Number         4  stm32f1xx_hal_tim.o(.text.HAL_TIM_PWM_Start)
    __arm_cp.31_4                            0x08002980   Number         4  stm32f1xx_hal_tim.o(.text.HAL_TIM_PWM_Start)
    [Anonymous Symbol]                       0x08002984   Section        0  stm32f1xx_hal_uart.o(.text.HAL_UART_ErrorCallback)
    [Anonymous Symbol]                       0x08002986   Section        0  stm32f1xx_hal_uart.o(.text.HAL_UART_Init)
    [Anonymous Symbol]                       0x080029e2   Section        0  stm32f1xx_hal_uart.o(.text.HAL_UART_MspInit)
    [Anonymous Symbol]                       0x080029e4   Section        0  stm32f1xx_hal_uart.o(.text.HAL_UART_Receive_DMA)
    __arm_cp.17_0                            0x08002a64   Number         4  stm32f1xx_hal_uart.o(.text.HAL_UART_Receive_DMA)
    __arm_cp.17_1                            0x08002a68   Number         4  stm32f1xx_hal_uart.o(.text.HAL_UART_Receive_DMA)
    [Anonymous Symbol]                       0x08002a6c   Section        0  stm32f1xx_hal_uart.o(.text.HAL_UART_RxCpltCallback)
    [Anonymous Symbol]                       0x08002a6e   Section        0  stm32f1xx_hal_uart.o(.text.HAL_UART_RxHalfCpltCallback)
    [Anonymous Symbol]                       0x08002a70   Section        0  stm32f1xx_hal_uart.o(.text.HAL_UART_Transmit_DMA)
    __arm_cp.13_0                            0x08002ad8   Number         4  stm32f1xx_hal_uart.o(.text.HAL_UART_Transmit_DMA)
    __arm_cp.13_1                            0x08002adc   Number         4  stm32f1xx_hal_uart.o(.text.HAL_UART_Transmit_DMA)
    __arm_cp.13_2                            0x08002ae0   Number         4  stm32f1xx_hal_uart.o(.text.HAL_UART_Transmit_DMA)
    [Anonymous Symbol]                       0x08002ae4   Section        0  stm32f1xx_hal_uart.o(.text.HAL_UART_TxCpltCallback)
    [Anonymous Symbol]                       0x08002ae6   Section        0  stm32f1xx_hal_uart.o(.text.HAL_UART_TxHalfCpltCallback)
    [Anonymous Symbol]                       0x08002ae8   Section        0  drv_hal.o(.text.HardFault_Handler)
    [Anonymous Symbol]                       0x08002aea   Section        0  drv_hal.o(.text.MemManage_Handler)
    [Anonymous Symbol]                       0x08002aec   Section        0  drv_hal.o(.text.NMI_Handler)
    [Anonymous Symbol]                       0x08002aee   Section        0  drv_hal.o(.text.PendSV_Handler)
    [Anonymous Symbol]                       0x08002af0   Section        0  usercode.o(.text.ROV_Init)
    __arm_cp.0_0                             0x08002b34   Number         4  usercode.o(.text.ROV_Init)
    __arm_cp.0_1                             0x08002b38   Number         4  usercode.o(.text.ROV_Init)
    __arm_cp.0_2                             0x08002b3c   Number         4  usercode.o(.text.ROV_Init)
    __arm_cp.0_3                             0x08002b40   Number         4  usercode.o(.text.ROV_Init)
    __arm_cp.0_5                             0x08002b64   Number         4  usercode.o(.text.ROV_Init)
    __arm_cp.0_6                             0x08002b68   Number         4  usercode.o(.text.ROV_Init)
    [Anonymous Symbol]                       0x08002bc0   Section        0  usercode.o(.text.ROV_MotorControl)
    __arm_cp.2_1                             0x08002c4c   Number         4  usercode.o(.text.ROV_MotorControl)
    [Anonymous Symbol]                       0x08002c50   Section        0  usercode.o(.text.ROV_MoveBackward)
    [Anonymous Symbol]                       0x08002c66   Section        0  usercode.o(.text.ROV_MoveDown)
    [Anonymous Symbol]                       0x08002c7e   Section        0  usercode.o(.text.ROV_MoveForward)
    [Anonymous Symbol]                       0x08002c92   Section        0  usercode.o(.text.ROV_MoveUp)
    [Anonymous Symbol]                       0x08002ca8   Section        0  usercode.o(.text.ROV_ProcessUARTCommand)
    __arm_cp.9_0                             0x08002dc4   Number         4  usercode.o(.text.ROV_ProcessUARTCommand)
    __arm_cp.9_1                             0x08002dc8   Number         4  usercode.o(.text.ROV_ProcessUARTCommand)
    __arm_cp.9_2                             0x08002dcc   Number         4  usercode.o(.text.ROV_ProcessUARTCommand)
    [Anonymous Symbol]                       0x08002e18   Section        0  usercode.o(.text.ROV_RelayData)
    __arm_cp.10_0                            0x08002e50   Number         4  usercode.o(.text.ROV_RelayData)
    __arm_cp.10_1                            0x08002e54   Number         4  usercode.o(.text.ROV_RelayData)
    __arm_cp.10_2                            0x08002e58   Number         4  usercode.o(.text.ROV_RelayData)
    [Anonymous Symbol]                       0x08002e5c   Section        0  usercode.o(.text.ROV_StopAll)
    [Anonymous Symbol]                       0x08002e68   Section        0  usercode.o(.text.ROV_TurnLeft)
    [Anonymous Symbol]                       0x08002e7e   Section        0  usercode.o(.text.ROV_TurnRight)
    [Anonymous Symbol]                       0x08002e94   Section        0  drv_hal.o(.text.SVC_Handler)
    [Anonymous Symbol]                       0x08002e98   Section        0  drv_hal_gpio.o(.text.S_GPIO_NVICParamConfig)
    S_GPIO_NVICParamConfig                   0x08002e99   Thumb Code   230  drv_hal_gpio.o(.text.S_GPIO_NVICParamConfig)
    [Anonymous Symbol]                       0x08002f80   Section        0  drv_hal_uart.o(.text.S_Uart_CLKEnable)
    S_Uart_CLKEnable                         0x08002f81   Thumb Code   152  drv_hal_uart.o(.text.S_Uart_CLKEnable)
    __arm_cp.8_0                             0x08003000   Number         4  drv_hal_uart.o(.text.S_Uart_CLKEnable)
    [Anonymous Symbol]                       0x08003004   Section        0  drv_hal_uart.o(.text.S_Uart_GPIOConfig)
    S_Uart_GPIOConfig                        0x08003005   Thumb Code   204  drv_hal_uart.o(.text.S_Uart_GPIOConfig)
    __arm_cp.9_0                             0x080030b4   Number         4  drv_hal_uart.o(.text.S_Uart_GPIOConfig)
    __arm_cp.9_1                             0x080030b8   Number         4  drv_hal_uart.o(.text.S_Uart_GPIOConfig)
    __arm_cp.9_2                             0x080030bc   Number         4  drv_hal_uart.o(.text.S_Uart_GPIOConfig)
    __arm_cp.9_3                             0x080030c0   Number         4  drv_hal_uart.o(.text.S_Uart_GPIOConfig)
    [Anonymous Symbol]                       0x080030c4   Section        0  drv_hal_uart.o(.text.S_Uart_NVICConfig)
    S_Uart_NVICConfig                        0x080030c5   Thumb Code   176  drv_hal_uart.o(.text.S_Uart_NVICConfig)
    __arm_cp.11_0                            0x08003160   Number         4  drv_hal_uart.o(.text.S_Uart_NVICConfig)
    __arm_cp.11_1                            0x08003164   Number         4  drv_hal_uart.o(.text.S_Uart_NVICConfig)
    __arm_cp.11_2                            0x08003168   Number         4  drv_hal_uart.o(.text.S_Uart_NVICConfig)
    __arm_cp.11_3                            0x0800316c   Number         4  drv_hal_uart.o(.text.S_Uart_NVICConfig)
    __arm_cp.11_4                            0x08003170   Number         4  drv_hal_uart.o(.text.S_Uart_NVICConfig)
    [Anonymous Symbol]                       0x08003174   Section        0  drv_hal_uart.o(.text.S_Uart_ParamConfig)
    S_Uart_ParamConfig                       0x08003175   Thumb Code    28  drv_hal_uart.o(.text.S_Uart_ParamConfig)
    __arm_cp.10_0                            0x0800318c   Number         4  drv_hal_uart.o(.text.S_Uart_ParamConfig)
    [Anonymous Symbol]                       0x08003190   Section        0  drv_hal_uart.o(.text.S_Uart_ParamMatch)
    S_Uart_ParamMatch                        0x08003191   Thumb Code   584  drv_hal_uart.o(.text.S_Uart_ParamMatch)
    __arm_cp.7_0                             0x080033b8   Number         4  drv_hal_uart.o(.text.S_Uart_ParamMatch)
    __arm_cp.7_1                             0x080033bc   Number         4  drv_hal_uart.o(.text.S_Uart_ParamMatch)
    __arm_cp.7_2                             0x080033c0   Number         4  drv_hal_uart.o(.text.S_Uart_ParamMatch)
    __arm_cp.7_3                             0x080033c4   Number         4  drv_hal_uart.o(.text.S_Uart_ParamMatch)
    __arm_cp.7_4                             0x080033c8   Number         4  drv_hal_uart.o(.text.S_Uart_ParamMatch)
    __arm_cp.7_5                             0x080033cc   Number         4  drv_hal_uart.o(.text.S_Uart_ParamMatch)
    __arm_cp.7_6                             0x080033d0   Number         4  drv_hal_uart.o(.text.S_Uart_ParamMatch)
    __arm_cp.7_7                             0x080033d4   Number         4  drv_hal_uart.o(.text.S_Uart_ParamMatch)
    [Anonymous Symbol]                       0x080033d8   Section        0  drv_hal.o(.text.SysTick_Handler)
    [Anonymous Symbol]                       0x080033dc   Section        0  system_stm32f1xx.o(.text.SystemInit)
    [Anonymous Symbol]                       0x080033de   Section        0  task_irq.o(.text.TIM2_IRQHandler)
    [Anonymous Symbol]                       0x080033e0   Section        0  task_irq.o(.text.TIM3_IRQHandler)
    [Anonymous Symbol]                       0x080033e2   Section        0  task_irq.o(.text.TIM4_IRQHandler)
    [Anonymous Symbol]                       0x080033e4   Section        0  task_irq.o(.text.TIM5_IRQHandler)
    [Anonymous Symbol]                       0x080033e6   Section        0  task_irq.o(.text.TIM6_IRQHandler)
    [Anonymous Symbol]                       0x080033e8   Section        0  task_irq.o(.text.TIM7_IRQHandler)
    [Anonymous Symbol]                       0x080033ec   Section        0  stm32f1xx_hal_tim.o(.text.TIM_Base_SetConfig)
    __arm_cp.2_0                             0x08003470   Number         4  stm32f1xx_hal_tim.o(.text.TIM_Base_SetConfig)
    __arm_cp.2_1                             0x08003474   Number         4  stm32f1xx_hal_tim.o(.text.TIM_Base_SetConfig)
    __arm_cp.2_2                             0x08003478   Number         4  stm32f1xx_hal_tim.o(.text.TIM_Base_SetConfig)
    [Anonymous Symbol]                       0x0800347c   Section        0  stm32f1xx_hal_tim.o(.text.TIM_OC1_SetConfig)
    TIM_OC1_SetConfig                        0x0800347d   Thumb Code   116  stm32f1xx_hal_tim.o(.text.TIM_OC1_SetConfig)
    [Anonymous Symbol]                       0x080034e8   Section        0  stm32f1xx_hal_tim.o(.text.TIM_OC2_SetConfig)
    [Anonymous Symbol]                       0x0800355c   Section        0  stm32f1xx_hal_tim.o(.text.TIM_OC3_SetConfig)
    TIM_OC3_SetConfig                        0x0800355d   Thumb Code   124  stm32f1xx_hal_tim.o(.text.TIM_OC3_SetConfig)
    [Anonymous Symbol]                       0x080035d0   Section        0  stm32f1xx_hal_tim.o(.text.TIM_OC4_SetConfig)
    TIM_OC4_SetConfig                        0x080035d1   Thumb Code    84  stm32f1xx_hal_tim.o(.text.TIM_OC4_SetConfig)
    __arm_cp.77_0                            0x0800361c   Number         4  stm32f1xx_hal_tim.o(.text.TIM_OC4_SetConfig)
    __arm_cp.77_1                            0x08003620   Number         4  stm32f1xx_hal_tim.o(.text.TIM_OC4_SetConfig)
    [Anonymous Symbol]                       0x08003624   Section        0  task_irq.o(.text.Task_EXTI15_10_IRQHandler)
    [Anonymous Symbol]                       0x08003626   Section        0  task_irq.o(.text.Task_EXTI9_5_IRQHandler)
    [Anonymous Symbol]                       0x08003628   Section        0  task_sysinit.o(.text.Task_Sys_Init)
    [Anonymous Symbol]                       0x0800362c   Section        0  task_irq.o(.text.Task_USART1_IRQHandler)
    [Anonymous Symbol]                       0x08003630   Section        0  task_userinit.o(.text.Task_UserInit)
    __arm_cp.0_0                             0x08003658   Number         4  task_userinit.o(.text.Task_UserInit)
    __arm_cp.0_1                             0x0800365c   Number         4  task_userinit.o(.text.Task_UserInit)
    __arm_cp.0_2                             0x08003660   Number         4  task_userinit.o(.text.Task_UserInit)
    __arm_cp.0_3                             0x08003664   Number         4  task_userinit.o(.text.Task_UserInit)
    [Anonymous Symbol]                       0x08003668   Section        0  task_irq.o(.text.UART4_IRQHandler)
    [Anonymous Symbol]                       0x0800366a   Section        0  task_irq.o(.text.UART5_IRQHandler)
    [Anonymous Symbol]                       0x0800366c   Section        0  stm32f1xx_hal_uart.o(.text.UART_DMAError)
    UART_DMAError                            0x0800366d   Thumb Code    92  stm32f1xx_hal_uart.o(.text.UART_DMAError)
    [Anonymous Symbol]                       0x080036c8   Section        0  stm32f1xx_hal_uart.o(.text.UART_DMAReceiveCplt)
    UART_DMAReceiveCplt                      0x080036c9   Thumb Code    56  stm32f1xx_hal_uart.o(.text.UART_DMAReceiveCplt)
    [Anonymous Symbol]                       0x08003700   Section        0  stm32f1xx_hal_uart.o(.text.UART_DMARxHalfCplt)
    UART_DMARxHalfCplt                       0x08003701   Thumb Code     6  stm32f1xx_hal_uart.o(.text.UART_DMARxHalfCplt)
    [Anonymous Symbol]                       0x08003706   Section        0  stm32f1xx_hal_uart.o(.text.UART_DMATransmitCplt)
    UART_DMATransmitCplt                     0x08003707   Thumb Code    40  stm32f1xx_hal_uart.o(.text.UART_DMATransmitCplt)
    [Anonymous Symbol]                       0x0800372e   Section        0  stm32f1xx_hal_uart.o(.text.UART_DMATxHalfCplt)
    UART_DMATxHalfCplt                       0x0800372f   Thumb Code     6  stm32f1xx_hal_uart.o(.text.UART_DMATxHalfCplt)
    [Anonymous Symbol]                       0x08003734   Section        0  stm32f1xx_hal_uart.o(.text.UART_SetConfig)
    UART_SetConfig                           0x08003735   Thumb Code   132  stm32f1xx_hal_uart.o(.text.UART_SetConfig)
    __arm_cp.2_0                             0x080037b4   Number         4  stm32f1xx_hal_uart.o(.text.UART_SetConfig)
    [Anonymous Symbol]                       0x080037b8   Section        0  task_irq.o(.text.USART1_IRQHandler)
    [Anonymous Symbol]                       0x080037bc   Section        0  task_irq.o(.text.USART2_IRQHandler)
    [Anonymous Symbol]                       0x080037be   Section        0  task_irq.o(.text.USART3_IRQHandler)
    [Anonymous Symbol]                       0x080037c0   Section        0  drv_hal.o(.text.UsageFault_Handler)
    [Anonymous Symbol]                       0x080037c4   Section        0  usercode.o(.text.UserLogic_Code)
    __arm_cp.11_0                            0x080037e0   Number         4  usercode.o(.text.UserLogic_Code)
    [Anonymous Symbol]                       0x080037e4   Section        0  main.o(.text.main)
    i.__0printf                              0x080037f8   Section        0  printfa.o(i.__0printf)
    i.__scatterload_copy                     0x08003818   Section       14  handlers.o(i.__scatterload_copy)
    i.__scatterload_null                     0x08003826   Section        2  handlers.o(i.__scatterload_null)
    i.__scatterload_zeroinit                 0x08003828   Section       14  handlers.o(i.__scatterload_zeroinit)
    i._fp_digits                             0x08003838   Section        0  printfa.o(i._fp_digits)
    _fp_digits                               0x08003839   Thumb Code   366  printfa.o(i._fp_digits)
    i._printf_core                           0x080039bc   Section        0  printfa.o(i._printf_core)
    _printf_core                             0x080039bd   Thumb Code  1744  printfa.o(i._printf_core)
    i._printf_post_padding                   0x08004098   Section        0  printfa.o(i._printf_post_padding)
    _printf_post_padding                     0x08004099   Thumb Code    36  printfa.o(i._printf_post_padding)
    i._printf_pre_padding                    0x080040bc   Section        0  printfa.o(i._printf_pre_padding)
    _printf_pre_padding                      0x080040bd   Thumb Code    46  printfa.o(i._printf_pre_padding)
    i.fputc                                  0x080040ea   Section        0  fputc.o(i.fputc)
    i.free                                   0x080040fc   Section        0  malloc.o(i.free)
    i.malloc                                 0x0800414c   Section        0  malloc.o(i.malloc)
    i.puts                                   0x080041b8   Section        0  puts.o(i.puts)
    .constdata                               0x080041dc   Section       64  ctype_c.o(.constdata)
    [Anonymous Symbol]                       0x08004234   Section        0  drv_hal_pwm.o(.rodata.str1.1)
    .L.str.12                                0x08004234   Data          31  drv_hal_pwm.o(.rodata.str1.1)
    .L.str                                   0x08004253   Data          28  drv_hal_pwm.o(.rodata.str1.1)
    [Anonymous Symbol]                       0x0800426f   Section        0  drv_hal_uart.o(.rodata.str1.1)
    .L.str                                   0x0800426f   Data          29  drv_hal_uart.o(.rodata.str1.1)
    [Anonymous Symbol]                       0x08004290   Section        0  drv_hal_pwm.o(.rodata.str1.16)
    .Lstr.60                                 0x08004290   Data          31  drv_hal_pwm.o(.rodata.str1.16)
    .Lstr.48                                 0x080042b0   Data          31  drv_hal_pwm.o(.rodata.str1.16)
    .Lstr.68                                 0x080042d0   Data          30  drv_hal_pwm.o(.rodata.str1.16)
    .Lstr.57                                 0x080042f0   Data          30  drv_hal_pwm.o(.rodata.str1.16)
    .Lstr.59                                 0x08004310   Data          31  drv_hal_pwm.o(.rodata.str1.16)
    .Lstr.47                                 0x08004330   Data          31  drv_hal_pwm.o(.rodata.str1.16)
    .Lstr.67                                 0x08004350   Data          30  drv_hal_pwm.o(.rodata.str1.16)
    .Lstr.56                                 0x08004370   Data          30  drv_hal_pwm.o(.rodata.str1.16)
    .Lstr.42                                 0x08004390   Data          31  drv_hal_pwm.o(.rodata.str1.16)
    .Lstr.66                                 0x080043b0   Data          30  drv_hal_pwm.o(.rodata.str1.16)
    .Lstr.41                                 0x080043d0   Data          31  drv_hal_pwm.o(.rodata.str1.16)
    .Lstr.65                                 0x080043f0   Data          30  drv_hal_pwm.o(.rodata.str1.16)
    .Lstr.55                                 0x08004410   Data          30  drv_hal_pwm.o(.rodata.str1.16)
    .Lstr.40                                 0x08004430   Data          31  drv_hal_pwm.o(.rodata.str1.16)
    .Lstr.54                                 0x08004450   Data          30  drv_hal_pwm.o(.rodata.str1.16)
    .Lstr.58                                 0x08004470   Data          31  drv_hal_pwm.o(.rodata.str1.16)
    .Lstr.39                                 0x08004490   Data          31  drv_hal_pwm.o(.rodata.str1.16)
    .Lstr.53                                 0x080044b0   Data          30  drv_hal_pwm.o(.rodata.str1.16)
    .Lstr.64                                 0x080044d0   Data          30  drv_hal_pwm.o(.rodata.str1.16)
    .Lstr.52                                 0x080044f0   Data          30  drv_hal_pwm.o(.rodata.str1.16)
    .Lstr.46                                 0x08004510   Data          30  drv_hal_pwm.o(.rodata.str1.16)
    .Lstr.63                                 0x08004530   Data          30  drv_hal_pwm.o(.rodata.str1.16)
    .Lstr.51                                 0x08004550   Data          30  drv_hal_pwm.o(.rodata.str1.16)
    .Lstr.45                                 0x08004570   Data          30  drv_hal_pwm.o(.rodata.str1.16)
    .Lstr.62                                 0x08004590   Data          30  drv_hal_pwm.o(.rodata.str1.16)
    .Lstr.50                                 0x080045b0   Data          30  drv_hal_pwm.o(.rodata.str1.16)
    .Lstr.44                                 0x080045d0   Data          30  drv_hal_pwm.o(.rodata.str1.16)
    .Lstr.61                                 0x080045f0   Data          30  drv_hal_pwm.o(.rodata.str1.16)
    .Lstr.49                                 0x08004610   Data          30  drv_hal_pwm.o(.rodata.str1.16)
    .Lstr.43                                 0x08004630   Data          30  drv_hal_pwm.o(.rodata.str1.16)
    .data                                    0x20000000   Section        4  stdout.o(.data)
    .data                                    0x20000004   Section        4  mvars.o(.data)
    .data                                    0x20000008   Section        4  mvars.o(.data)
    [Anonymous Symbol]                       0x2000000c   Section        0  stm32f1xx_hal.o(.data..L_MergedGlobals)
    [Anonymous Symbol]                       0x200004f0   Section        0  usercode.o(.bss..L_MergedGlobals)
    ROV_ProcessUARTCommand.rx_index          0x200004f0   Data           2  usercode.o(.bss..L_MergedGlobals)
    command_buffer                           0x200004f2   Data          64  usercode.o(.bss..L_MergedGlobals)
    [Anonymous Symbol]                       0x20000534   Section        0  usercode.o(.bss.ROV_RelayData.relay_buffer)
    ROV_RelayData.relay_buffer               0x20000534   Data         256  usercode.o(.bss.ROV_RelayData.relay_buffer)
    [Anonymous Symbol]                       0x20000634   Section        0  usercode.o(.bss.UserLogic_Code.initialized)
    UserLogic_Code.initialized               0x20000634   Data           1  usercode.o(.bss.UserLogic_Code.initialized)
    [Anonymous Symbol]                       0x20000638   Section        0  drv_hal_pwm.o(.bss.s_ucpCheckCache)
    s_ucpCheckCache                          0x20000638   Data           4  drv_hal_pwm.o(.bss.s_ucpCheckCache)
    [Anonymous Symbol]                       0x2000063c   Section        0  usercode.o(.bss.uart2_rx_buffer)
    uart2_rx_buffer                          0x2000063c   Data         128  usercode.o(.bss.uart2_rx_buffer)
    HEAP                                     0x200006c0   Section      512  startup_stm32f103xe.o(HEAP)
    STACK                                    0x200008c0   Section     1024  startup_stm32f103xe.o(STACK)

    Global Symbols

    Symbol Name                              Value     Ov Type        Size  Object(Section)

    BuildAttributes$$THM_ISAv4$P$D$K$B$S$PE$A:L22UL41UL21$X:L11$S22US41US21$IEEE1$IW$~IW$USESV6$~STKCKD$USESV7$~SHL$OTIME$ROPI$EBA8$MICROLIB$REQ8$PRES8$EABIv2 0x00000000   Number         0  anon$$obj.o ABSOLUTE
    _printf_a                                0x00000000   Number         0  stubs.o ABSOLUTE
    _printf_c                                0x00000000   Number         0  stubs.o ABSOLUTE
    _printf_charcount                        0x00000000   Number         0  stubs.o ABSOLUTE
    _printf_d                                0x00000000   Number         0  stubs.o ABSOLUTE
    _printf_e                                0x00000000   Number         0  stubs.o ABSOLUTE
    _printf_f                                0x00000000   Number         0  stubs.o ABSOLUTE
    _printf_flags                            0x00000000   Number         0  stubs.o ABSOLUTE
    _printf_fp_dec                           0x00000000   Number         0  stubs.o ABSOLUTE
    _printf_fp_hex                           0x00000000   Number         0  stubs.o ABSOLUTE
    _printf_g                                0x00000000   Number         0  stubs.o ABSOLUTE
    _printf_i                                0x00000000   Number         0  stubs.o ABSOLUTE
    _printf_int_dec                          0x00000000   Number         0  stubs.o ABSOLUTE
    _printf_l                                0x00000000   Number         0  stubs.o ABSOLUTE
    _printf_lc                               0x00000000   Number         0  stubs.o ABSOLUTE
    _printf_ll                               0x00000000   Number         0  stubs.o ABSOLUTE
    _printf_lld                              0x00000000   Number         0  stubs.o ABSOLUTE
    _printf_lli                              0x00000000   Number         0  stubs.o ABSOLUTE
    _printf_llo                              0x00000000   Number         0  stubs.o ABSOLUTE
    _printf_llu                              0x00000000   Number         0  stubs.o ABSOLUTE
    _printf_llx                              0x00000000   Number         0  stubs.o ABSOLUTE
    _printf_longlong_dec                     0x00000000   Number         0  stubs.o ABSOLUTE
    _printf_longlong_hex                     0x00000000   Number         0  stubs.o ABSOLUTE
    _printf_longlong_oct                     0x00000000   Number         0  stubs.o ABSOLUTE
    _printf_ls                               0x00000000   Number         0  stubs.o ABSOLUTE
    _printf_mbtowc                           0x00000000   Number         0  stubs.o ABSOLUTE
    _printf_n                                0x00000000   Number         0  stubs.o ABSOLUTE
    _printf_o                                0x00000000   Number         0  stubs.o ABSOLUTE
    _printf_p                                0x00000000   Number         0  stubs.o ABSOLUTE
    _printf_percent                          0x00000000   Number         0  stubs.o ABSOLUTE
    _printf_pre_padding                      0x00000000   Number         0  stubs.o ABSOLUTE
    _printf_return_value                     0x00000000   Number         0  stubs.o ABSOLUTE
    _printf_s                                0x00000000   Number         0  stubs.o ABSOLUTE
    _printf_sizespec                         0x00000000   Number         0  stubs.o ABSOLUTE
    _printf_str                              0x00000000   Number         0  stubs.o ABSOLUTE
    _printf_truncate_signed                  0x00000000   Number         0  stubs.o ABSOLUTE
    _printf_truncate_unsigned                0x00000000   Number         0  stubs.o ABSOLUTE
    _printf_u                                0x00000000   Number         0  stubs.o ABSOLUTE
    _printf_wc                               0x00000000   Number         0  stubs.o ABSOLUTE
    _printf_wctomb                           0x00000000   Number         0  stubs.o ABSOLUTE
    _printf_widthprec                        0x00000000   Number         0  stubs.o ABSOLUTE
    _printf_x                                0x00000000   Number         0  stubs.o ABSOLUTE
    __cpp_initialize__aeabi_                  - Undefined Weak Reference
    __cxa_finalize                            - Undefined Weak Reference
    _clock_init                               - Undefined Weak Reference
    _microlib_exit                            - Undefined Weak Reference
    _scanf_longlong                           - Undefined Weak Reference
    _scanf_real                               - Undefined Weak Reference
    __Vectors_Size                           0x00000130   Number         0  startup_stm32f103xe.o ABSOLUTE
    __Vectors                                0x08000000   Data           4  startup_stm32f103xe.o(RESET)
    __Vectors_End                            0x08000130   Data           0  startup_stm32f103xe.o(RESET)
    __main                                   0x08000131   Thumb Code     0  entry.o(.ARM.Collect$$$$00000000)
    _main_stk                                0x08000131   Thumb Code     0  entry2.o(.ARM.Collect$$$$00000001)
    _main_scatterload                        0x08000135   Thumb Code     0  entry5.o(.ARM.Collect$$$$00000004)
    __main_after_scatterload                 0x08000139   Thumb Code     0  entry5.o(.ARM.Collect$$$$00000004)
    _main_clock                              0x08000139   Thumb Code     0  entry7b.o(.ARM.Collect$$$$00000008)
    _main_cpp_init                           0x08000139   Thumb Code     0  entry8b.o(.ARM.Collect$$$$0000000A)
    _main_init                               0x08000139   Thumb Code     0  entry9a.o(.ARM.Collect$$$$0000000B)
    __rt_final_cpp                           0x08000141   Thumb Code     0  entry10a.o(.ARM.Collect$$$$0000000D)
    __rt_final_exit                          0x08000141   Thumb Code     0  entry11a.o(.ARM.Collect$$$$0000000F)
    Reset_Handler                            0x08000145   Thumb Code     8  startup_stm32f103xe.o(.text)
    ADC1_2_IRQHandler                        0x0800015f   Thumb Code     0  startup_stm32f103xe.o(.text)
    ADC3_IRQHandler                          0x0800015f   Thumb Code     0  startup_stm32f103xe.o(.text)
    CAN1_RX1_IRQHandler                      0x0800015f   Thumb Code     0  startup_stm32f103xe.o(.text)
    CAN1_SCE_IRQHandler                      0x0800015f   Thumb Code     0  startup_stm32f103xe.o(.text)
    DMA1_Channel1_IRQHandler                 0x0800015f   Thumb Code     0  startup_stm32f103xe.o(.text)
    DMA1_Channel2_IRQHandler                 0x0800015f   Thumb Code     0  startup_stm32f103xe.o(.text)
    DMA1_Channel3_IRQHandler                 0x0800015f   Thumb Code     0  startup_stm32f103xe.o(.text)
    DMA1_Channel4_IRQHandler                 0x0800015f   Thumb Code     0  startup_stm32f103xe.o(.text)
    DMA1_Channel5_IRQHandler                 0x0800015f   Thumb Code     0  startup_stm32f103xe.o(.text)
    DMA1_Channel6_IRQHandler                 0x0800015f   Thumb Code     0  startup_stm32f103xe.o(.text)
    DMA1_Channel7_IRQHandler                 0x0800015f   Thumb Code     0  startup_stm32f103xe.o(.text)
    DMA2_Channel1_IRQHandler                 0x0800015f   Thumb Code     0  startup_stm32f103xe.o(.text)
    DMA2_Channel2_IRQHandler                 0x0800015f   Thumb Code     0  startup_stm32f103xe.o(.text)
    DMA2_Channel3_IRQHandler                 0x0800015f   Thumb Code     0  startup_stm32f103xe.o(.text)
    DMA2_Channel4_5_IRQHandler               0x0800015f   Thumb Code     0  startup_stm32f103xe.o(.text)
    EXTI0_IRQHandler                         0x0800015f   Thumb Code     0  startup_stm32f103xe.o(.text)
    EXTI1_IRQHandler                         0x0800015f   Thumb Code     0  startup_stm32f103xe.o(.text)
    EXTI2_IRQHandler                         0x0800015f   Thumb Code     0  startup_stm32f103xe.o(.text)
    EXTI3_IRQHandler                         0x0800015f   Thumb Code     0  startup_stm32f103xe.o(.text)
    EXTI4_IRQHandler                         0x0800015f   Thumb Code     0  startup_stm32f103xe.o(.text)
    FLASH_IRQHandler                         0x0800015f   Thumb Code     0  startup_stm32f103xe.o(.text)
    FSMC_IRQHandler                          0x0800015f   Thumb Code     0  startup_stm32f103xe.o(.text)
    I2C1_ER_IRQHandler                       0x0800015f   Thumb Code     0  startup_stm32f103xe.o(.text)
    I2C1_EV_IRQHandler                       0x0800015f   Thumb Code     0  startup_stm32f103xe.o(.text)
    I2C2_ER_IRQHandler                       0x0800015f   Thumb Code     0  startup_stm32f103xe.o(.text)
    I2C2_EV_IRQHandler                       0x0800015f   Thumb Code     0  startup_stm32f103xe.o(.text)
    PVD_IRQHandler                           0x0800015f   Thumb Code     0  startup_stm32f103xe.o(.text)
    RCC_IRQHandler                           0x0800015f   Thumb Code     0  startup_stm32f103xe.o(.text)
    RTC_Alarm_IRQHandler                     0x0800015f   Thumb Code     0  startup_stm32f103xe.o(.text)
    RTC_IRQHandler                           0x0800015f   Thumb Code     0  startup_stm32f103xe.o(.text)
    SDIO_IRQHandler                          0x0800015f   Thumb Code     0  startup_stm32f103xe.o(.text)
    SPI1_IRQHandler                          0x0800015f   Thumb Code     0  startup_stm32f103xe.o(.text)
    SPI2_IRQHandler                          0x0800015f   Thumb Code     0  startup_stm32f103xe.o(.text)
    SPI3_IRQHandler                          0x0800015f   Thumb Code     0  startup_stm32f103xe.o(.text)
    TAMPER_IRQHandler                        0x0800015f   Thumb Code     0  startup_stm32f103xe.o(.text)
    TIM1_BRK_IRQHandler                      0x0800015f   Thumb Code     0  startup_stm32f103xe.o(.text)
    TIM1_CC_IRQHandler                       0x0800015f   Thumb Code     0  startup_stm32f103xe.o(.text)
    TIM1_TRG_COM_IRQHandler                  0x0800015f   Thumb Code     0  startup_stm32f103xe.o(.text)
    TIM1_UP_IRQHandler                       0x0800015f   Thumb Code     0  startup_stm32f103xe.o(.text)
    TIM8_BRK_IRQHandler                      0x0800015f   Thumb Code     0  startup_stm32f103xe.o(.text)
    TIM8_CC_IRQHandler                       0x0800015f   Thumb Code     0  startup_stm32f103xe.o(.text)
    TIM8_TRG_COM_IRQHandler                  0x0800015f   Thumb Code     0  startup_stm32f103xe.o(.text)
    TIM8_UP_IRQHandler                       0x0800015f   Thumb Code     0  startup_stm32f103xe.o(.text)
    USBWakeUp_IRQHandler                     0x0800015f   Thumb Code     0  startup_stm32f103xe.o(.text)
    USB_HP_CAN1_TX_IRQHandler                0x0800015f   Thumb Code     0  startup_stm32f103xe.o(.text)
    USB_LP_CAN1_RX0_IRQHandler               0x0800015f   Thumb Code     0  startup_stm32f103xe.o(.text)
    WWDG_IRQHandler                          0x0800015f   Thumb Code     0  startup_stm32f103xe.o(.text)
    __aeabi_memcpy                           0x08000169   Thumb Code    36  memcpya.o(.text)
    __aeabi_memcpy4                          0x08000169   Thumb Code     0  memcpya.o(.text)
    __aeabi_memcpy8                          0x08000169   Thumb Code     0  memcpya.o(.text)
    __aeabi_memset                           0x0800018d   Thumb Code    14  memseta.o(.text)
    __aeabi_memset4                          0x0800018d   Thumb Code     0  memseta.o(.text)
    __aeabi_memset8                          0x0800018d   Thumb Code     0  memseta.o(.text)
    __aeabi_memclr                           0x0800019b   Thumb Code     4  memseta.o(.text)
    __aeabi_memclr4                          0x0800019b   Thumb Code     0  memseta.o(.text)
    __aeabi_memclr8                          0x0800019b   Thumb Code     0  memseta.o(.text)
    _memset$wrapper                          0x0800019f   Thumb Code    18  memseta.o(.text)
    strcmp                                   0x080001b1   Thumb Code    28  strcmp.o(.text)
    calloc                                   0x080001cd   Thumb Code    28  calloc.o(.text)
    __0sscanf                                0x080001e9   Thumb Code    48  __0sscanf.o(.text)
    _scanf_int                               0x08000221   Thumb Code   332  _scanf_int.o(.text)
    _scanf_string                            0x0800036d   Thumb Code   224  _scanf_str.o(.text)
    __aeabi_fmul                             0x0800044d   Thumb Code   100  fmul.o(.text)
    __aeabi_fdiv                             0x080004b1   Thumb Code   124  fdiv.o(.text)
    __aeabi_dmul                             0x0800052d   Thumb Code   228  dmul.o(.text)
    __aeabi_ddiv                             0x08000611   Thumb Code   222  ddiv.o(.text)
    __aeabi_fcmpeq                           0x080006ef   Thumb Code    28  fcmpeq.o(.text)
    __aeabi_i2f                              0x0800070b   Thumb Code    18  fflti.o(.text)
    __aeabi_ui2f                             0x0800071d   Thumb Code    10  ffltui.o(.text)
    __aeabi_f2uiz                            0x08000727   Thumb Code    40  ffixui.o(.text)
    __aeabi_uidiv                            0x0800074f   Thumb Code     0  uidiv.o(.text)
    __aeabi_uidivmod                         0x0800074f   Thumb Code    44  uidiv.o(.text)
    __aeabi_uldivmod                         0x0800077b   Thumb Code    98  uldiv.o(.text)
    __aeabi_llsr                             0x080007dd   Thumb Code    32  llushr.o(.text)
    _ll_ushift_r                             0x080007dd   Thumb Code     0  llushr.o(.text)
    _chval                                   0x080007fd   Thumb Code    28  _chval.o(.text)
    __vfscanf_char                           0x08000825   Thumb Code    20  scanf_char.o(.text)
    _sgetc                                   0x08000841   Thumb Code    30  _sgetc.o(.text)
    _sbackspace                              0x0800085f   Thumb Code    34  _sgetc.o(.text)
    __I$use$fp                               0x08000881   Thumb Code     0  iusefp.o(.text)
    _float_round                             0x08000881   Thumb Code    18  fepilogue.o(.text)
    _float_epilogue                          0x08000893   Thumb Code    92  fepilogue.o(.text)
    _double_round                            0x080008ef   Thumb Code    30  depilogue.o(.text)
    _double_epilogue                         0x0800090d   Thumb Code   156  depilogue.o(.text)
    __aeabi_dadd                             0x080009a9   Thumb Code   322  dadd.o(.text)
    __aeabi_dsub                             0x08000aeb   Thumb Code     6  dadd.o(.text)
    __aeabi_drsub                            0x08000af1   Thumb Code     6  dadd.o(.text)
    __aeabi_d2ulz                            0x08000af7   Thumb Code    48  dfixul.o(.text)
    __aeabi_cdrcmple                         0x08000b29   Thumb Code    48  cdrcmple.o(.text)
    __scatterload                            0x08000b59   Thumb Code    28  init.o(.text)
    __scatterload_rt2                        0x08000b59   Thumb Code     0  init.o(.text)
    __aeabi_llsl                             0x08000b7d   Thumb Code    30  llshl.o(.text)
    __semihosting_library_function           0x08000b7d   Thumb Code     0  semi.o(.text)
    _ll_shift_l                              0x08000b7d   Thumb Code     0  llshl.o(.text)
    __aeabi_lasr                             0x08000b9b   Thumb Code    36  llsshr.o(.text)
    _ll_sshift_r                             0x08000b9b   Thumb Code     0  llsshr.o(.text)
    isspace                                  0x08000bbf   Thumb Code    10  isspace_c.o(.text)
    __vfscanf                                0x08000bc9   Thumb Code   808  _scanf.o(.text)
    __I$use$semihosting$fputc                0x08000ef5   Thumb Code     0  iusesemip.o(.text)
    __ctype_lookup                           0x08000ef5   Thumb Code    34  ctype_c.o(.text)
    __decompress                             0x08000f1d   Thumb Code     0  __dczerorl2.o(.text)
    __decompress1                            0x08000f1d   Thumb Code    86  __dczerorl2.o(.text)
    BusFault_Handler                         0x08000f73   Thumb Code     2  drv_hal.o(.text.BusFault_Handler)
    DebugMon_Handler                         0x08000f9d   Thumb Code     2  drv_hal.o(.text.DebugMon_Handler)
    Drv_GPIO_Init                            0x08000fa1   Thumb Code   180  drv_hal_gpio.o(.text.Drv_GPIO_Init)
    Drv_HAL_Error                            0x08001055   Thumb Code    96  drv_hal.o(.text.Drv_HAL_Error)
    Drv_HAL_IncTick                          0x080010b5   Thumb Code    14  drv_hal.o(.text.Drv_HAL_IncTick)
    Drv_HAL_Init                             0x080010c3   Thumb Code    94  drv_hal.o(.text.Drv_HAL_Init)
    Drv_PWM_DutyFactorSet                    0x08001121   Thumb Code   188  drv_hal_pwm.o(.text.Drv_PWM_DutyFactorSet)
    Drv_PWM_Init                             0x080011dd   Thumb Code  2604  drv_hal_pwm.o(.text.Drv_PWM_Init)
    Drv_Uart_DMAInit                         0x08001c09   Thumb Code   476  drv_hal_uart.o(.text.Drv_Uart_DMAInit)
    Drv_Uart_Transmit_DMA                    0x08001de5   Thumb Code    40  drv_hal_uart.o(.text.Drv_Uart_Transmit_DMA)
    EXTI15_10_IRQHandler                     0x08001e0d   Thumb Code     4  task_irq.o(.text.EXTI15_10_IRQHandler)
    EXTI9_5_IRQHandler                       0x08001e11   Thumb Code     4  task_irq.o(.text.EXTI9_5_IRQHandler)
    HAL_DMA_GetState                         0x08001e15   Thumb Code     6  stm32f1xx_hal_dma.o(.text.HAL_DMA_GetState)
    HAL_DMA_Init                             0x08001e1d   Thumb Code   124  stm32f1xx_hal_dma.o(.text.HAL_DMA_Init)
    HAL_DMA_Start_IT                         0x08001e99   Thumb Code   110  stm32f1xx_hal_dma.o(.text.HAL_DMA_Start_IT)
    HAL_GPIO_Init                            0x08001f09   Thumb Code   432  stm32f1xx_hal_gpio.o(.text.HAL_GPIO_Init)
    HAL_GetTick                              0x080020b5   Thumb Code    12  stm32f1xx_hal.o(.text.HAL_GetTick)
    HAL_IncTick                              0x080020bd   Thumb Code    16  stm32f1xx_hal.o(.text.HAL_IncTick)
    HAL_Init                                 0x080020c9   Thumb Code    36  stm32f1xx_hal.o(.text.HAL_Init)
    HAL_InitTick                             0x080020ed   Thumb Code    64  stm32f1xx_hal.o(.text.HAL_InitTick)
    HAL_MspInit                              0x08002129   Thumb Code   144  drv_hal.o(.text.HAL_MspInit)
    HAL_NVIC_EnableIRQ                       0x080021b9   Thumb Code    28  stm32f1xx_hal_cortex.o(.text.HAL_NVIC_EnableIRQ)
    HAL_NVIC_SetPriority                     0x080021d5   Thumb Code    92  stm32f1xx_hal_cortex.o(.text.HAL_NVIC_SetPriority)
    HAL_NVIC_SetPriorityGrouping             0x0800222d   Thumb Code    32  stm32f1xx_hal_cortex.o(.text.HAL_NVIC_SetPriorityGrouping)
    HAL_RCC_ClockConfig                      0x0800224d   Thumb Code   312  stm32f1xx_hal_rcc.o(.text.HAL_RCC_ClockConfig)
    HAL_RCC_GetPCLK1Freq                     0x08002381   Thumb Code    32  stm32f1xx_hal_rcc.o(.text.HAL_RCC_GetPCLK1Freq)
    HAL_RCC_GetPCLK2Freq                     0x08002395   Thumb Code    32  stm32f1xx_hal_rcc.o(.text.HAL_RCC_GetPCLK2Freq)
    HAL_RCC_GetSysClockFreq                  0x080023b1   Thumb Code    88  stm32f1xx_hal_rcc.o(.text.HAL_RCC_GetSysClockFreq)
    HAL_RCC_OscConfig                        0x08002409   Thumb Code   896  stm32f1xx_hal_rcc.o(.text.HAL_RCC_OscConfig)
    HAL_SYSTICK_Callback                     0x08002789   Thumb Code     2  stm32f1xx_hal_cortex.o(.text.HAL_SYSTICK_Callback)
    HAL_SYSTICK_Config                       0x0800278d   Thumb Code    40  stm32f1xx_hal_cortex.o(.text.HAL_SYSTICK_Config)
    HAL_SYSTICK_IRQHandler                   0x080027b5   Thumb Code     4  stm32f1xx_hal_cortex.o(.text.HAL_SYSTICK_IRQHandler)
    HAL_TIM_PWM_ConfigChannel                0x080027b9   Thumb Code   152  stm32f1xx_hal_tim.o(.text.HAL_TIM_PWM_ConfigChannel)
    HAL_TIM_PWM_Init                         0x08002851   Thumb Code    88  stm32f1xx_hal_tim.o(.text.HAL_TIM_PWM_Init)
    HAL_TIM_PWM_MspInit                      0x080028a9   Thumb Code     2  stm32f1xx_hal_tim.o(.text.HAL_TIM_PWM_MspInit)
    HAL_TIM_PWM_Start                        0x080028ad   Thumb Code   216  stm32f1xx_hal_tim.o(.text.HAL_TIM_PWM_Start)
    HAL_UART_ErrorCallback                   0x08002985   Thumb Code     2  stm32f1xx_hal_uart.o(.text.HAL_UART_ErrorCallback)
    HAL_UART_Init                            0x08002987   Thumb Code    92  stm32f1xx_hal_uart.o(.text.HAL_UART_Init)
    HAL_UART_MspInit                         0x080029e3   Thumb Code     2  stm32f1xx_hal_uart.o(.text.HAL_UART_MspInit)
    HAL_UART_Receive_DMA                     0x080029e5   Thumb Code   140  stm32f1xx_hal_uart.o(.text.HAL_UART_Receive_DMA)
    HAL_UART_RxCpltCallback                  0x08002a6d   Thumb Code     2  stm32f1xx_hal_uart.o(.text.HAL_UART_RxCpltCallback)
    HAL_UART_RxHalfCpltCallback              0x08002a6f   Thumb Code     2  stm32f1xx_hal_uart.o(.text.HAL_UART_RxHalfCpltCallback)
    HAL_UART_Transmit_DMA                    0x08002a71   Thumb Code   116  stm32f1xx_hal_uart.o(.text.HAL_UART_Transmit_DMA)
    HAL_UART_TxCpltCallback                  0x08002ae5   Thumb Code     2  stm32f1xx_hal_uart.o(.text.HAL_UART_TxCpltCallback)
    HAL_UART_TxHalfCpltCallback              0x08002ae7   Thumb Code     2  stm32f1xx_hal_uart.o(.text.HAL_UART_TxHalfCpltCallback)
    HardFault_Handler                        0x08002ae9   Thumb Code     2  drv_hal.o(.text.HardFault_Handler)
    MemManage_Handler                        0x08002aeb   Thumb Code     2  drv_hal.o(.text.MemManage_Handler)
    NMI_Handler                              0x08002aed   Thumb Code     2  drv_hal.o(.text.NMI_Handler)
    PendSV_Handler                           0x08002aef   Thumb Code     2  drv_hal.o(.text.PendSV_Handler)
    ROV_Init                                 0x08002af1   Thumb Code   208  usercode.o(.text.ROV_Init)
    ROV_MotorControl                         0x08002bc1   Thumb Code   148  usercode.o(.text.ROV_MotorControl)
    ROV_MoveBackward                         0x08002c51   Thumb Code    22  usercode.o(.text.ROV_MoveBackward)
    ROV_MoveDown                             0x08002c67   Thumb Code    24  usercode.o(.text.ROV_MoveDown)
    ROV_MoveForward                          0x08002c7f   Thumb Code    20  usercode.o(.text.ROV_MoveForward)
    ROV_MoveUp                               0x08002c93   Thumb Code    22  usercode.o(.text.ROV_MoveUp)
    ROV_ProcessUARTCommand                   0x08002ca9   Thumb Code   368  usercode.o(.text.ROV_ProcessUARTCommand)
    ROV_RelayData                            0x08002e19   Thumb Code    68  usercode.o(.text.ROV_RelayData)
    ROV_StopAll                              0x08002e5d   Thumb Code    12  usercode.o(.text.ROV_StopAll)
    ROV_TurnLeft                             0x08002e69   Thumb Code    22  usercode.o(.text.ROV_TurnLeft)
    ROV_TurnRight                            0x08002e7f   Thumb Code    22  usercode.o(.text.ROV_TurnRight)
    SVC_Handler                              0x08002e95   Thumb Code     2  drv_hal.o(.text.SVC_Handler)
    SysTick_Handler                          0x080033d9   Thumb Code     4  drv_hal.o(.text.SysTick_Handler)
    SystemInit                               0x080033dd   Thumb Code     2  system_stm32f1xx.o(.text.SystemInit)
    TIM2_IRQHandler                          0x080033df   Thumb Code     2  task_irq.o(.text.TIM2_IRQHandler)
    TIM3_IRQHandler                          0x080033e1   Thumb Code     2  task_irq.o(.text.TIM3_IRQHandler)
    TIM4_IRQHandler                          0x080033e3   Thumb Code     2  task_irq.o(.text.TIM4_IRQHandler)
    TIM5_IRQHandler                          0x080033e5   Thumb Code     2  task_irq.o(.text.TIM5_IRQHandler)
    TIM6_IRQHandler                          0x080033e7   Thumb Code     2  task_irq.o(.text.TIM6_IRQHandler)
    TIM7_IRQHandler                          0x080033e9   Thumb Code     2  task_irq.o(.text.TIM7_IRQHandler)
    TIM_Base_SetConfig                       0x080033ed   Thumb Code   152  stm32f1xx_hal_tim.o(.text.TIM_Base_SetConfig)
    TIM_OC2_SetConfig                        0x080034e9   Thumb Code   124  stm32f1xx_hal_tim.o(.text.TIM_OC2_SetConfig)
    Task_EXTI15_10_IRQHandler                0x08003625   Thumb Code     2  task_irq.o(.text.Task_EXTI15_10_IRQHandler)
    Task_EXTI9_5_IRQHandler                  0x08003627   Thumb Code     2  task_irq.o(.text.Task_EXTI9_5_IRQHandler)
    Task_Sys_Init                            0x08003629   Thumb Code     4  task_sysinit.o(.text.Task_Sys_Init)
    Task_USART1_IRQHandler                   0x0800362d   Thumb Code     2  task_irq.o(.text.Task_USART1_IRQHandler)
    Task_UserInit                            0x08003631   Thumb Code    56  task_userinit.o(.text.Task_UserInit)
    UART4_IRQHandler                         0x08003669   Thumb Code     2  task_irq.o(.text.UART4_IRQHandler)
    UART5_IRQHandler                         0x0800366b   Thumb Code     2  task_irq.o(.text.UART5_IRQHandler)
    USART1_IRQHandler                        0x080037b9   Thumb Code     4  task_irq.o(.text.USART1_IRQHandler)
    USART2_IRQHandler                        0x080037bd   Thumb Code     2  task_irq.o(.text.USART2_IRQHandler)
    USART3_IRQHandler                        0x080037bf   Thumb Code     2  task_irq.o(.text.USART3_IRQHandler)
    UsageFault_Handler                       0x080037c1   Thumb Code     2  drv_hal.o(.text.UsageFault_Handler)
    UserLogic_Code                           0x080037c5   Thumb Code    32  usercode.o(.text.UserLogic_Code)
    main                                     0x080037e5   Thumb Code    18  main.o(.text.main)
    __0printf                                0x080037f9   Thumb Code    22  printfa.o(i.__0printf)
    __1printf                                0x080037f9   Thumb Code     0  printfa.o(i.__0printf)
    __2printf                                0x080037f9   Thumb Code     0  printfa.o(i.__0printf)
    __c89printf                              0x080037f9   Thumb Code     0  printfa.o(i.__0printf)
    printf                                   0x080037f9   Thumb Code     0  printfa.o(i.__0printf)
    __scatterload_copy                       0x08003819   Thumb Code    14  handlers.o(i.__scatterload_copy)
    __scatterload_null                       0x08003827   Thumb Code     2  handlers.o(i.__scatterload_null)
    __scatterload_zeroinit                   0x08003829   Thumb Code    14  handlers.o(i.__scatterload_zeroinit)
    fputc                                    0x080040eb   Thumb Code    18  fputc.o(i.fputc)
    free                                     0x080040fd   Thumb Code    76  malloc.o(i.free)
    malloc                                   0x0800414d   Thumb Code    92  malloc.o(i.malloc)
    puts                                     0x080041b9   Thumb Code    30  puts.o(i.puts)
    __ctype_categories                       0x080041dc   Data          64  ctype_c.o(.constdata)
    AHBPrescTable                            0x0800421c   Data          16  system_stm32f1xx.o(.rodata.AHBPrescTable)
    APBPrescTable                            0x0800422c   Data           8  system_stm32f1xx.o(.rodata.APBPrescTable)
    Region$$Table$$Base                      0x08004650   Number         0  anon$$obj.o(Region$$Table)
    Region$$Table$$Limit                     0x08004670   Number         0  anon$$obj.o(Region$$Table)
    __stdout                                 0x20000000   Data           4  stdout.o(.data)
    __microlib_freelist                      0x20000004   Data           4  mvars.o(.data)
    __microlib_freelist_initialised          0x20000008   Data           4  mvars.o(.data)
    uwTickFreq                               0x2000000c   Data           1  stm32f1xx_hal.o(.data..L_MergedGlobals)
    uwTickPrio                               0x20000010   Data           4  stm32f1xx_hal.o(.data..L_MergedGlobals)
    uwTick                                   0x20000014   Data           4  stm32f1xx_hal.o(.data..L_MergedGlobals)
    MT_PWM                                   0x20000018   Data         544  config.o(.data.MT_PWM)
    PWM_GPIO                                 0x20000238   Data          96  config.o(.data.PWM_GPIO)
    SystemCoreClock                          0x20000298   Data           4  system_stm32f1xx.o(.data.SystemCoreClock)
    rovUart1                                 0x2000029c   Data         296  config.o(.data.rovUart1)
    rovUart2                                 0x200003c4   Data         296  config.o(.data.rovUart2)
    __heap_base                              0x200006c0   Data           0  startup_stm32f103xe.o(HEAP)
    __heap_limit                             0x200008c0   Data           0  startup_stm32f103xe.o(HEAP)
    __initial_sp                             0x20000cc0   Data           0  startup_stm32f103xe.o(STACK)



==============================================================================

Memory Map of the image

  Image Entry point : 0x08000131

  Load Region LR_IROM1 (Base: 0x08000000, Size: 0x00004b60, Max: 0x00040000, ABSOLUTE, COMPRESSED[0x00004720])

    Execution Region ER_IROM1 (Exec base: 0x08000000, Load base: 0x08000000, Size: 0x00004670, Max: 0x00040000, ABSOLUTE)

    Exec Addr    Load Addr    Size         Type   Attr      Idx    E Section Name        Object

    0x08000000   0x08000000   0x00000130   Data   RO         2429    RESET               startup_stm32f103xe.o
    0x08000130   0x08000130   0x00000000   Code   RO         2436  * .ARM.Collect$$$$00000000  mc_w.l(entry.o)
    0x08000130   0x08000130   0x00000004   Code   RO         2796    .ARM.Collect$$$$00000001  mc_w.l(entry2.o)
    0x08000134   0x08000134   0x00000004   Code   RO         2799    .ARM.Collect$$$$00000004  mc_w.l(entry5.o)
    0x08000138   0x08000138   0x00000000   Code   RO         2801    .ARM.Collect$$$$00000008  mc_w.l(entry7b.o)
    0x08000138   0x08000138   0x00000000   Code   RO         2803    .ARM.Collect$$$$0000000A  mc_w.l(entry8b.o)
    0x08000138   0x08000138   0x00000008   Code   RO         2804    .ARM.Collect$$$$0000000B  mc_w.l(entry9a.o)
    0x08000140   0x08000140   0x00000000   Code   RO         2806    .ARM.Collect$$$$0000000D  mc_w.l(entry10a.o)
    0x08000140   0x08000140   0x00000000   Code   RO         2808    .ARM.Collect$$$$0000000F  mc_w.l(entry11a.o)
    0x08000140   0x08000140   0x00000004   Code   RO         2797    .ARM.Collect$$$$00002712  mc_w.l(entry2.o)
    0x08000144   0x08000144   0x00000024   Code   RO         2430    .text               startup_stm32f103xe.o
    0x08000168   0x08000168   0x00000024   Code   RO         2447    .text               mc_w.l(memcpya.o)
    0x0800018c   0x0800018c   0x00000024   Code   RO         2449    .text               mc_w.l(memseta.o)
    0x080001b0   0x080001b0   0x0000001c   Code   RO         2453    .text               mc_w.l(strcmp.o)
    0x080001cc   0x080001cc   0x0000001c   Code   RO         2750    .text               mc_w.l(calloc.o)
    0x080001e8   0x080001e8   0x00000038   Code   RO         2752    .text               mc_w.l(__0sscanf.o)
    0x08000220   0x08000220   0x0000014c   Code   RO         2754    .text               mc_w.l(_scanf_int.o)
    0x0800036c   0x0800036c   0x000000e0   Code   RO         2756    .text               mc_w.l(_scanf_str.o)
    0x0800044c   0x0800044c   0x00000064   Code   RO         2760    .text               mf_w.l(fmul.o)
    0x080004b0   0x080004b0   0x0000007c   Code   RO         2762    .text               mf_w.l(fdiv.o)
    0x0800052c   0x0800052c   0x000000e4   Code   RO         2764    .text               mf_w.l(dmul.o)
    0x08000610   0x08000610   0x000000de   Code   RO         2766    .text               mf_w.l(ddiv.o)
    0x080006ee   0x080006ee   0x0000001c   Code   RO         2774    .text               mf_w.l(fcmpeq.o)
    0x0800070a   0x0800070a   0x00000012   Code   RO         2778    .text               mf_w.l(fflti.o)
    0x0800071c   0x0800071c   0x0000000a   Code   RO         2780    .text               mf_w.l(ffltui.o)
    0x08000726   0x08000726   0x00000028   Code   RO         2788    .text               mf_w.l(ffixui.o)
    0x0800074e   0x0800074e   0x0000002c   Code   RO         2815    .text               mc_w.l(uidiv.o)
    0x0800077a   0x0800077a   0x00000062   Code   RO         2817    .text               mc_w.l(uldiv.o)
    0x080007dc   0x080007dc   0x00000020   Code   RO         2819    .text               mc_w.l(llushr.o)
    0x080007fc   0x080007fc   0x0000001c   Code   RO         2823    .text               mc_w.l(_chval.o)
    0x08000818   0x08000818   0x00000028   Code   RO         2825    .text               mc_w.l(scanf_char.o)
    0x08000840   0x08000840   0x00000040   Code   RO         2827    .text               mc_w.l(_sgetc.o)
    0x08000880   0x08000880   0x00000000   Code   RO         2829    .text               mc_w.l(iusefp.o)
    0x08000880   0x08000880   0x0000006e   Code   RO         2830    .text               mf_w.l(fepilogue.o)
    0x080008ee   0x080008ee   0x000000ba   Code   RO         2832    .text               mf_w.l(depilogue.o)
    0x080009a8   0x080009a8   0x0000014e   Code   RO         2834    .text               mf_w.l(dadd.o)
    0x08000af6   0x08000af6   0x00000030   Code   RO         2836    .text               mf_w.l(dfixul.o)
    0x08000b26   0x08000b26   0x00000002   PAD
    0x08000b28   0x08000b28   0x00000030   Code   RO         2838    .text               mf_w.l(cdrcmple.o)
    0x08000b58   0x08000b58   0x00000024   Code   RO         2840    .text               mc_w.l(init.o)
    0x08000b7c   0x08000b7c   0x00000000   Code   RO         2842    .text               mc_w.l(semi.o)
    0x08000b7c   0x08000b7c   0x0000001e   Code   RO         2843    .text               mc_w.l(llshl.o)
    0x08000b9a   0x08000b9a   0x00000024   Code   RO         2845    .text               mc_w.l(llsshr.o)
    0x08000bbe   0x08000bbe   0x0000000a   Code   RO         2847    .text               mc_w.l(isspace_c.o)
    0x08000bc8   0x08000bc8   0x0000032c   Code   RO         2849    .text               mc_w.l(_scanf.o)
    0x08000ef4   0x08000ef4   0x00000000   Code   RO         2851    .text               mc_w.l(iusesemip.o)
    0x08000ef4   0x08000ef4   0x00000028   Code   RO         2852    .text               mc_w.l(ctype_c.o)
    0x08000f1c   0x08000f1c   0x00000056   Code   RO         2863    .text               mc_w.l(__dczerorl2.o)
    0x08000f72   0x08000f72   0x00000002   Code   RO          670    .text.BusFault_Handler  drv_hal.o
    0x08000f74   0x08000f74   0x00000028   Code   RO         1314    .text.DMA_SetConfig  stm32f1xx_hal_dma.o
    0x08000f9c   0x08000f9c   0x00000002   Code   RO          682    .text.DebugMon_Handler  drv_hal.o
    0x08000f9e   0x08000f9e   0x00000002   PAD
    0x08000fa0   0x08000fa0   0x000000b4   Code   RO          781    .text.Drv_GPIO_Init  drv_hal_gpio.o
    0x08001054   0x08001054   0x00000060   Code   RO          656    .text.Drv_HAL_Error  drv_hal.o
    0x080010b4   0x080010b4   0x0000000e   Code   RO          662    .text.Drv_HAL_IncTick  drv_hal.o
    0x080010c2   0x080010c2   0x0000005e   Code   RO          664    .text.Drv_HAL_Init  drv_hal.o
    0x08001120   0x08001120   0x000000bc   Code   RO          835    .text.Drv_PWM_DutyFactorSet  drv_hal_pwm.o
    0x080011dc   0x080011dc   0x00000a2c   Code   RO          839    .text.Drv_PWM_Init  drv_hal_pwm.o
    0x08001c08   0x08001c08   0x000001dc   Code   RO          956    .text.Drv_Uart_DMAInit  drv_hal_uart.o
    0x08001de4   0x08001de4   0x00000028   Code   RO          936    .text.Drv_Uart_Transmit_DMA  drv_hal_uart.o
    0x08001e0c   0x08001e0c   0x00000004   Code   RO           86    .text.EXTI15_10_IRQHandler  task_irq.o
    0x08001e10   0x08001e10   0x00000004   Code   RO           82    .text.EXTI9_5_IRQHandler  task_irq.o
    0x08001e14   0x08001e14   0x00000006   Code   RO         1330    .text.HAL_DMA_GetState  stm32f1xx_hal_dma.o
    0x08001e1a   0x08001e1a   0x00000002   PAD
    0x08001e1c   0x08001e1c   0x0000007c   Code   RO         1308    .text.HAL_DMA_Init  stm32f1xx_hal_dma.o
    0x08001e98   0x08001e98   0x0000006e   Code   RO         1316    .text.HAL_DMA_Start_IT  stm32f1xx_hal_dma.o
    0x08001f06   0x08001f06   0x00000002   PAD
    0x08001f08   0x08001f08   0x000001ac   Code   RO         1447    .text.HAL_GPIO_Init  stm32f1xx_hal_gpio.o
    0x080020b4   0x080020b4   0x00000008   Code   RO         1005    .text.HAL_GetTick   stm32f1xx_hal.o
    0x080020bc   0x080020bc   0x0000000c   Code   RO         1003    .text.HAL_IncTick   stm32f1xx_hal.o
    0x080020c8   0x080020c8   0x00000024   Code   RO          993    .text.HAL_Init      stm32f1xx_hal.o
    0x080020ec   0x080020ec   0x0000003c   Code   RO          995    .text.HAL_InitTick  stm32f1xx_hal.o
    0x08002128   0x08002128   0x00000090   Code   RO          684    .text.HAL_MspInit   drv_hal.o
    0x080021b8   0x080021b8   0x0000001c   Code   RO         1177    .text.HAL_NVIC_EnableIRQ  stm32f1xx_hal_cortex.o
    0x080021d4   0x080021d4   0x00000058   Code   RO         1175    .text.HAL_NVIC_SetPriority  stm32f1xx_hal_cortex.o
    0x0800222c   0x0800222c   0x00000020   Code   RO         1173    .text.HAL_NVIC_SetPriorityGrouping  stm32f1xx_hal_cortex.o
    0x0800224c   0x0800224c   0x00000134   Code   RO         1637    .text.HAL_RCC_ClockConfig  stm32f1xx_hal_rcc.o
    0x08002380   0x08002380   0x00000014   Code   RO         1649    .text.HAL_RCC_GetPCLK1Freq  stm32f1xx_hal_rcc.o
    0x08002394   0x08002394   0x0000001c   Code   RO         1651    .text.HAL_RCC_GetPCLK2Freq  stm32f1xx_hal_rcc.o
    0x080023b0   0x080023b0   0x00000058   Code   RO         1639    .text.HAL_RCC_GetSysClockFreq  stm32f1xx_hal_rcc.o
    0x08002408   0x08002408   0x00000380   Code   RO         1635    .text.HAL_RCC_OscConfig  stm32f1xx_hal_rcc.o
    0x08002788   0x08002788   0x00000002   Code   RO         1201    .text.HAL_SYSTICK_Callback  stm32f1xx_hal_cortex.o
    0x0800278a   0x0800278a   0x00000002   PAD
    0x0800278c   0x0800278c   0x00000028   Code   RO         1183    .text.HAL_SYSTICK_Config  stm32f1xx_hal_cortex.o
    0x080027b4   0x080027b4   0x00000004   Code   RO         1199    .text.HAL_SYSTICK_IRQHandler  stm32f1xx_hal_cortex.o
    0x080027b8   0x080027b8   0x00000098   Code   RO         2012    .text.HAL_TIM_PWM_ConfigChannel  stm32f1xx_hal_tim.o
    0x08002850   0x08002850   0x00000058   Code   RO         1904    .text.HAL_TIM_PWM_Init  stm32f1xx_hal_tim.o
    0x080028a8   0x080028a8   0x00000002   Code   RO         1906    .text.HAL_TIM_PWM_MspInit  stm32f1xx_hal_tim.o
    0x080028aa   0x080028aa   0x00000002   PAD
    0x080028ac   0x080028ac   0x000000d8   Code   RO         1912    .text.HAL_TIM_PWM_Start  stm32f1xx_hal_tim.o
    0x08002984   0x08002984   0x00000002   Code   RO         2265    .text.HAL_UART_ErrorCallback  stm32f1xx_hal_uart.o
    0x08002986   0x08002986   0x0000005c   Code   RO         2187    .text.HAL_UART_Init  stm32f1xx_hal_uart.o
    0x080029e2   0x080029e2   0x00000002   Code   RO         2189    .text.HAL_UART_MspInit  stm32f1xx_hal_uart.o
    0x080029e4   0x080029e4   0x00000088   Code   RO         2221    .text.HAL_UART_Receive_DMA  stm32f1xx_hal_uart.o
    0x08002a6c   0x08002a6c   0x00000002   Code   RO         2271    .text.HAL_UART_RxCpltCallback  stm32f1xx_hal_uart.o
    0x08002a6e   0x08002a6e   0x00000002   Code   RO         2273    .text.HAL_UART_RxHalfCpltCallback  stm32f1xx_hal_uart.o
    0x08002a70   0x08002a70   0x00000074   Code   RO         2213    .text.HAL_UART_Transmit_DMA  stm32f1xx_hal_uart.o
    0x08002ae4   0x08002ae4   0x00000002   Code   RO         2267    .text.HAL_UART_TxCpltCallback  stm32f1xx_hal_uart.o
    0x08002ae6   0x08002ae6   0x00000002   Code   RO         2269    .text.HAL_UART_TxHalfCpltCallback  stm32f1xx_hal_uart.o
    0x08002ae8   0x08002ae8   0x00000002   Code   RO          680    .text.HardFault_Handler  drv_hal.o
    0x08002aea   0x08002aea   0x00000002   Code   RO          668    .text.MemManage_Handler  drv_hal.o
    0x08002aec   0x08002aec   0x00000002   Code   RO          666    .text.NMI_Handler   drv_hal.o
    0x08002aee   0x08002aee   0x00000002   Code   RO          676    .text.PendSV_Handler  drv_hal.o
    0x08002af0   0x08002af0   0x000000d0   Code   RO           16    .text.ROV_Init      usercode.o
    0x08002bc0   0x08002bc0   0x00000090   Code   RO           20    .text.ROV_MotorControl  usercode.o
    0x08002c50   0x08002c50   0x00000016   Code   RO           28    .text.ROV_MoveBackward  usercode.o
    0x08002c66   0x08002c66   0x00000018   Code   RO           24    .text.ROV_MoveDown  usercode.o
    0x08002c7e   0x08002c7e   0x00000014   Code   RO           26    .text.ROV_MoveForward  usercode.o
    0x08002c92   0x08002c92   0x00000016   Code   RO           22    .text.ROV_MoveUp    usercode.o
    0x08002ca8   0x08002ca8   0x00000170   Code   RO           34    .text.ROV_ProcessUARTCommand  usercode.o
    0x08002e18   0x08002e18   0x00000044   Code   RO           36    .text.ROV_RelayData  usercode.o
    0x08002e5c   0x08002e5c   0x0000000c   Code   RO           18    .text.ROV_StopAll   usercode.o
    0x08002e68   0x08002e68   0x00000016   Code   RO           30    .text.ROV_TurnLeft  usercode.o
    0x08002e7e   0x08002e7e   0x00000016   Code   RO           32    .text.ROV_TurnRight  usercode.o
    0x08002e94   0x08002e94   0x00000002   Code   RO          674    .text.SVC_Handler   drv_hal.o
    0x08002e96   0x08002e96   0x00000002   PAD
    0x08002e98   0x08002e98   0x000000e6   Code   RO          779    .text.S_GPIO_NVICParamConfig  drv_hal_gpio.o
    0x08002f7e   0x08002f7e   0x00000002   PAD
    0x08002f80   0x08002f80   0x00000084   Code   RO          948    .text.S_Uart_CLKEnable  drv_hal_uart.o
    0x08003004   0x08003004   0x000000c0   Code   RO          950    .text.S_Uart_GPIOConfig  drv_hal_uart.o
    0x080030c4   0x080030c4   0x000000b0   Code   RO          954    .text.S_Uart_NVICConfig  drv_hal_uart.o
    0x08003174   0x08003174   0x0000001c   Code   RO          952    .text.S_Uart_ParamConfig  drv_hal_uart.o
    0x08003190   0x08003190   0x00000248   Code   RO          946    .text.S_Uart_ParamMatch  drv_hal_uart.o
    0x080033d8   0x080033d8   0x00000004   Code   RO          678    .text.SysTick_Handler  drv_hal.o
    0x080033dc   0x080033dc   0x00000002   Code   RO         2410    .text.SystemInit    system_stm32f1xx.o
    0x080033de   0x080033de   0x00000002   Code   RO          102    .text.TIM2_IRQHandler  task_irq.o
    0x080033e0   0x080033e0   0x00000002   Code   RO          104    .text.TIM3_IRQHandler  task_irq.o
    0x080033e2   0x080033e2   0x00000002   Code   RO          106    .text.TIM4_IRQHandler  task_irq.o
    0x080033e4   0x080033e4   0x00000002   Code   RO          108    .text.TIM5_IRQHandler  task_irq.o
    0x080033e6   0x080033e6   0x00000002   Code   RO          110    .text.TIM6_IRQHandler  task_irq.o
    0x080033e8   0x080033e8   0x00000002   Code   RO          112    .text.TIM7_IRQHandler  task_irq.o
    0x080033ea   0x080033ea   0x00000002   PAD
    0x080033ec   0x080033ec   0x00000090   Code   RO         1854    .text.TIM_Base_SetConfig  stm32f1xx_hal_tim.o
    0x0800347c   0x0800347c   0x0000006c   Code   RO         1998    .text.TIM_OC1_SetConfig  stm32f1xx_hal_tim.o
    0x080034e8   0x080034e8   0x00000074   Code   RO         2000    .text.TIM_OC2_SetConfig  stm32f1xx_hal_tim.o
    0x0800355c   0x0800355c   0x00000074   Code   RO         2002    .text.TIM_OC3_SetConfig  stm32f1xx_hal_tim.o
    0x080035d0   0x080035d0   0x00000054   Code   RO         2004    .text.TIM_OC4_SetConfig  stm32f1xx_hal_tim.o
    0x08003624   0x08003624   0x00000002   Code   RO           84    .text.Task_EXTI15_10_IRQHandler  task_irq.o
    0x08003626   0x08003626   0x00000002   Code   RO           80    .text.Task_EXTI9_5_IRQHandler  task_irq.o
    0x08003628   0x08003628   0x00000004   Code   RO          124    .text.Task_Sys_Init  task_sysinit.o
    0x0800362c   0x0800362c   0x00000002   Code   RO           88    .text.Task_USART1_IRQHandler  task_irq.o
    0x0800362e   0x0800362e   0x00000002   PAD
    0x08003630   0x08003630   0x00000038   Code   RO          136    .text.Task_UserInit  task_userinit.o
    0x08003668   0x08003668   0x00000002   Code   RO           98    .text.UART4_IRQHandler  task_irq.o
    0x0800366a   0x0800366a   0x00000002   Code   RO          100    .text.UART5_IRQHandler  task_irq.o
    0x0800366c   0x0800366c   0x0000005c   Code   RO         2219    .text.UART_DMAError  stm32f1xx_hal_uart.o
    0x080036c8   0x080036c8   0x00000038   Code   RO         2223    .text.UART_DMAReceiveCplt  stm32f1xx_hal_uart.o
    0x08003700   0x08003700   0x00000006   Code   RO         2225    .text.UART_DMARxHalfCplt  stm32f1xx_hal_uart.o
    0x08003706   0x08003706   0x00000028   Code   RO         2215    .text.UART_DMATransmitCplt  stm32f1xx_hal_uart.o
    0x0800372e   0x0800372e   0x00000006   Code   RO         2217    .text.UART_DMATxHalfCplt  stm32f1xx_hal_uart.o
    0x08003734   0x08003734   0x00000084   Code   RO         2191    .text.UART_SetConfig  stm32f1xx_hal_uart.o
    0x080037b8   0x080037b8   0x00000004   Code   RO           90    .text.USART1_IRQHandler  task_irq.o
    0x080037bc   0x080037bc   0x00000002   Code   RO           94    .text.USART2_IRQHandler  task_irq.o
    0x080037be   0x080037be   0x00000002   Code   RO           96    .text.USART3_IRQHandler  task_irq.o
    0x080037c0   0x080037c0   0x00000002   Code   RO          672    .text.UsageFault_Handler  drv_hal.o
    0x080037c2   0x080037c2   0x00000002   PAD
    0x080037c4   0x080037c4   0x00000020   Code   RO           38    .text.UserLogic_Code  usercode.o
    0x080037e4   0x080037e4   0x00000012   Code   RO            2    .text.main          main.o
    0x080037f6   0x080037f6   0x00000002   PAD
    0x080037f8   0x080037f8   0x00000020   Code   RO         2694    i.__0printf         mc_w.l(printfa.o)
    0x08003818   0x08003818   0x0000000e   Code   RO         2857    i.__scatterload_copy  mc_w.l(handlers.o)
    0x08003826   0x08003826   0x00000002   Code   RO         2858    i.__scatterload_null  mc_w.l(handlers.o)
    0x08003828   0x08003828   0x0000000e   Code   RO         2859    i.__scatterload_zeroinit  mc_w.l(handlers.o)
    0x08003836   0x08003836   0x00000002   PAD
    0x08003838   0x08003838   0x00000184   Code   RO         2701    i._fp_digits        mc_w.l(printfa.o)
    0x080039bc   0x080039bc   0x000006dc   Code   RO         2702    i._printf_core      mc_w.l(printfa.o)
    0x08004098   0x08004098   0x00000024   Code   RO         2703    i._printf_post_padding  mc_w.l(printfa.o)
    0x080040bc   0x080040bc   0x0000002e   Code   RO         2704    i._printf_pre_padding  mc_w.l(printfa.o)
    0x080040ea   0x080040ea   0x00000012   Code   RO         2810    i.fputc             mc_w.l(fputc.o)
    0x080040fc   0x080040fc   0x00000050   Code   RO         2722    i.free              mc_w.l(malloc.o)
    0x0800414c   0x0800414c   0x0000006c   Code   RO         2723    i.malloc            mc_w.l(malloc.o)
    0x080041b8   0x080041b8   0x00000024   Code   RO         2439    i.puts              mc_w.l(puts.o)
    0x080041dc   0x080041dc   0x00000040   Data   RO         2853    .constdata          mc_w.l(ctype_c.o)
    0x0800421c   0x0800421c   0x00000010   Data   RO         2415    .rodata.AHBPrescTable  system_stm32f1xx.o
    0x0800422c   0x0800422c   0x00000008   Data   RO         2416    .rodata.APBPrescTable  system_stm32f1xx.o
    0x08004234   0x08004234   0x0000003b   Data   RO          841    .rodata.str1.1      drv_hal_pwm.o
    0x0800426f   0x0800426f   0x0000001d   Data   RO          966    .rodata.str1.1      drv_hal_uart.o
    0x0800428c   0x0800428c   0x00000004   PAD
    0x08004290   0x08004290   0x000003be   Data   RO          843    .rodata.str1.16     drv_hal_pwm.o
    0x0800464e   0x0800464e   0x00000002   PAD
    0x08004650   0x08004650   0x00000020   Data   RO         2855    Region$$Table       anon$$obj.o


    Execution Region RW_IRAM1 (Exec base: 0x20000000, Load base: 0x08004670, Size: 0x00000cc0, Max: 0x0000c000, ABSOLUTE, COMPRESSED[0x000000b0])

    Exec Addr    Load Addr    Size         Type   Attr      Idx    E Section Name        Object

    0x20000000   COMPRESSED   0x00000004   Data   RW         2814    .data               mc_w.l(stdout.o)
    0x20000004   COMPRESSED   0x00000004   Data   RW         2821    .data               mc_w.l(mvars.o)
    0x20000008   COMPRESSED   0x00000004   Data   RW         2822    .data               mc_w.l(mvars.o)
    0x2000000c   COMPRESSED   0x0000000c   Data   RW         1043    .data..L_MergedGlobals  stm32f1xx_hal.o
    0x20000018   COMPRESSED   0x00000220   Data   RW           61    .data.MT_PWM        config.o
    0x20000238   COMPRESSED   0x00000060   Data   RW           60    .data.PWM_GPIO      config.o
    0x20000298   COMPRESSED   0x00000004   Data   RW         2414    .data.SystemCoreClock  system_stm32f1xx.o
    0x2000029c   COMPRESSED   0x00000128   Data   RW           58    .data.rovUart1      config.o
    0x200003c4   COMPRESSED   0x00000128   Data   RW           59    .data.rovUart2      config.o
    0x200004ec   COMPRESSED   0x00000004   PAD
    0x200004f0        -       0x00000042   Zero   RW           43    .bss..L_MergedGlobals  usercode.o
    0x20000532   COMPRESSED   0x00000002   PAD
    0x20000534        -       0x00000100   Zero   RW           41    .bss.ROV_RelayData.relay_buffer  usercode.o
    0x20000634        -       0x00000001   Zero   RW           42    .bss.UserLogic_Code.initialized  usercode.o
    0x20000635   COMPRESSED   0x00000003   PAD
    0x20000638        -       0x00000004   Zero   RW          842    .bss.s_ucpCheckCache  drv_hal_pwm.o
    0x2000063c        -       0x00000080   Zero   RW           40    .bss.uart2_rx_buffer  usercode.o
    0x200006bc   COMPRESSED   0x00000004   PAD
    0x200006c0        -       0x00000200   Zero   RW         2428    HEAP                startup_stm32f103xe.o
    0x200008c0        -       0x00000400   Zero   RW         2427    STACK               startup_stm32f103xe.o


==============================================================================

Image component sizes


      Code (inc. data)   RO Data    RW Data    ZI Data      Debug   Object Name

         0          0          0       1232          0       7120   config.o
       368         80          0          0          0       6901   drv_hal.o
       410         34          0          0          0       5963   drv_hal_gpio.o
      2792        402       1017          0          4       9388   drv_hal_pwm.o
      1628        116         29          0          0      11839   drv_hal_uart.o
        18          0          0          0          0        421   main.o
        36          8        304          0       1536        896   startup_stm32f103xe.o
       116          8          0         12          0       6854   stm32f1xx_hal.o
       194         24          0          0          0       8761   stm32f1xx_hal_cortex.o
       280          8          0          0          0       6825   stm32f1xx_hal_dma.o
       428         52          0          0          0       4747   stm32f1xx_hal_gpio.o
      1340         72          0          0          0       7608   stm32f1xx_hal_rcc.o
      1026         44          0          0          0      45682   stm32f1xx_hal_tim.o
       688         24          0          0          0      16972   stm32f1xx_hal_uart.o
         2          0         24          4          0       1813   system_stm32f1xx.o
        38          0          0          0          0       2075   task_irq.o
         4          0          0          0          0        385   task_sysinit.o
        56         16          0          0          0        403   task_userinit.o
       964        244          0          0        451       3920   usercode.o

    ----------------------------------------------------------------------
     10410       1132       1412       1248       2004     148573   Object Totals
         0          0         32          0          0          0   (incl. Generated)
        22          0          6          0         13          0   (incl. Padding)

    ----------------------------------------------------------------------

      Code (inc. data)   RO Data    RW Data    ZI Data      Debug   Library Member Name

        56          8          0          0          0         84   __0sscanf.o
        86          0          0          0          0          0   __dczerorl2.o
        28          0          0          0          0         68   _chval.o
       812          4          0          0          0        112   _scanf.o
       332          0          0          0          0         96   _scanf_int.o
       224          0          0          0          0         96   _scanf_str.o
        64          0          0          0          0         84   _sgetc.o
        28          0          0          0          0         76   calloc.o
        40          6         64          0          0         68   ctype_c.o
         0          0          0          0          0          0   entry.o
         0          0          0          0          0          0   entry10a.o
         0          0          0          0          0          0   entry11a.o
         8          4          0          0          0          0   entry2.o
         4          0          0          0          0          0   entry5.o
         0          0          0          0          0          0   entry7b.o
         0          0          0          0          0          0   entry8b.o
         8          4          0          0          0          0   entry9a.o
        18          0          0          0          0         80   fputc.o
        30          0          0          0          0          0   handlers.o
        36          8          0          0          0         68   init.o
        10          0          0          0          0         68   isspace_c.o
         0          0          0          0          0          0   iusefp.o
         0          0          0          0          0          0   iusesemip.o
        30          0          0          0          0         68   llshl.o
        36          0          0          0          0         68   llsshr.o
        32          0          0          0          0         68   llushr.o
       188         20          0          0          0        160   malloc.o
        36          0          0          0          0         68   memcpya.o
        36          0          0          0          0        108   memseta.o
         0          0          0          8          0          0   mvars.o
      2258         90          0          0          0        452   printfa.o
        36          6          0          0          0         80   puts.o
        40          8          0          0          0         84   scanf_char.o
         0          0          0          0          0          0   semi.o
         0          0          0          4          0          0   stdout.o
        28          0          0          0          0         76   strcmp.o
        44          0          0          0          0         80   uidiv.o
        98          0          0          0          0         92   uldiv.o
        48          0          0          0          0         68   cdrcmple.o
       334          0          0          0          0        148   dadd.o
       222          0          0          0          0        100   ddiv.o
       186          0          0          0          0        176   depilogue.o
        48          0          0          0          0         68   dfixul.o
       228          0          0          0          0         96   dmul.o
        28          0          0          0          0         68   fcmpeq.o
       124          0          0          0          0         88   fdiv.o
       110          0          0          0          0        168   fepilogue.o
        40          0          0          0          0         68   ffixui.o
        18          0          0          0          0         68   fflti.o
        10          0          0          0          0         68   ffltui.o
       100          0          0          0          0         76   fmul.o

    ----------------------------------------------------------------------
      6146        158         64         12          0       3564   Library Totals
         4          0          0          0          0          0   (incl. Padding)

    ----------------------------------------------------------------------

      Code (inc. data)   RO Data    RW Data    ZI Data      Debug   Library Name

      4646        158         64         12          0       2304   mc_w.l
      1496          0          0          0          0       1260   mf_w.l

    ----------------------------------------------------------------------
      6146        158         64         12          0       3564   Library Totals

    ----------------------------------------------------------------------

==============================================================================


      Code (inc. data)   RO Data    RW Data    ZI Data      Debug   

     16556       1290       1476       1260       2004     150137   Grand Totals
     16556       1290       1476        176       2004     150137   ELF Image Totals (compressed)
     16556       1290       1476        176          0          0   ROM Totals

==============================================================================

    Total RO  Size (Code + RO Data)                18032 (  17.61kB)
    Total RW  Size (RW Data + ZI Data)              3264 (   3.19kB)
    Total ROM Size (Code + RO Data + RW Data)      18208 (  17.78kB)

==============================================================================

