<html>
<body>
<pre>
<h1>µVision Build Log</h1>
<h2>Tool Versions:</h2>
IDE-Version: ¦ÌVision V5.24.2.0
Copyright (C) 2017 ARM Ltd and ARM Germany GmbH. All rights reserved.
License Information: A End_Singer, A, LIC=PE7DL-07G8G-TG97T-RN2D9-NK0DR-J0BXU
 
Tool Versions:
Toolchain:       MDK-ARM Plus  Version: 5.24.1
Toolchain Path:  D:\software\keil5\ARM\ARMCLANG\Bin
C Compiler:      ArmClang.exe V6.7
Assembler:       Armasm.exe V6.7
Linker/Locator:  ArmLink.exe V6.7
Library Manager: ArmAr.exe V6.7
Hex Converter:   FromElf.exe V6.7
CPU DLL:         SARMCM3.DLL V5.24.1
Dialog DLL:      DCM.DLL V1.16.0.0
Target DLL:      STLink\ST-LINKIII-KEIL_SWO.dll V3.0.1.0
Dialog DLL:      TCM.DLL V1.32.0.0
 
<h2>Project:</h2>
D:\Ë®»ú\NOO_ROV\ROV 1222\Project\STM32.uvprojx
Project File Date:  12/21/2025

<h2>Output:</h2>
*** Using Compiler 'V6.7', folder: 'D:\software\keil5\ARM\ARMCLANG\Bin'
Rebuild target 'Demo'
compiling config.c...
compiling task_sysinit.c...
compiling task_irq.c...
compiling ocd_at24cxx.c...
compiling main.c...
compiling ocd_ds3231.c...
compiling ocd_jy901.c...
compiling usercode.c...
compiling ocd_ads1256.c...
compiling threadpool.c...
compiling task_userinit.c...
compiling ocd_fatfs.c...
compiling algo_pid.c...
compiling diskio.c...
compiling ocd_oled.c...
compiling algo_func.c...
compiling ocd_rm3100.c...
compiling drv_hal.c...
compiling ocd_ms5837.c...
compiling dev_ps2.c...
compiling ocd_sdcard.c...
compiling drv_hal_adc.c...
compiling drv_hal_dac.c...
compiling drv_hal_delay.c...
compiling drv_hal_flash.c...
compiling drv_hal_iic_soft.c...
compiling drv_hal_gpio.c...
compiling drv_hal_pwr.c...
compiling drv_hal_spi_soft.c...
compiling ff.c...
compiling drv_hal_spi.c...
compiling drv_hal_pwm.c...
compiling drv_hal_timer.c...
compiling drv_hal_wdg.c...
compiling drv_hal_uart.c...
compiling stm32f1xx_hal_cec.c...
compiling stm32f1xx_hal.c...
compiling stm32f1xx_hal_can.c...
compiling stm32f1xx_hal_cortex.c...
compiling stm32f1xx_hal_crc.c...
compiling stm32f1xx_hal_dac.c...
compiling stm32f1xx_hal_adc.c...
compiling stm32f1xx_hal_dac_ex.c...
compiling stm32f1xx_hal_adc_ex.c...
compiling stm32f1xx_hal_eth.c...
compiling stm32f1xx_hal_dma.c...
compiling stm32f1xx_hal_exti.c...
compiling stm32f1xx_hal_flash.c...
compiling stm32f1xx_hal_gpio_ex.c...
compiling stm32f1xx_hal_gpio.c...
compiling stm32f1xx_hal_hcd.c...
compiling stm32f1xx_hal_flash_ex.c...
compiling stm32f1xx_hal_i2c.c...
compiling stm32f1xx_hal_irda.c...
compiling stm32f1xx_hal_i2s.c...
compiling stm32f1xx_hal_iwdg.c...
compiling stm32f1xx_hal_mmc.c...
compiling stm32f1xx_hal_nand.c...
compiling stm32f1xx_hal_nor.c...
compiling stm32f1xx_hal_pcd.c...
compiling stm32f1xx_hal_pcd_ex.c...
compiling stm32f1xx_hal_pccard.c...
compiling stm32f1xx_hal_pwr.c...
compiling stm32f1xx_hal_rtc_ex.c...
compiling stm32f1xx_hal_rcc_ex.c...
compiling stm32f1xx_hal_rtc.c...
compiling stm32f1xx_hal_sd.c...
compiling stm32f1xx_hal_rcc.c...
assembling startup_stm32f103xe.s...
compiling stm32f1xx_hal_smartcard.c...
compiling stm32f1xx_hal_sram.c...
compiling stm32f1xx_hal_wwdg.c...
compiling system_stm32f1xx.c...
compiling stm32f1xx_hal_uart.c...
compiling stm32f1xx_hal_tim_ex.c...
compiling stm32f1xx_hal_spi.c...
compiling stm32f1xx_hal_usart.c...
compiling stm32f1xx_hal_tim.c...
linking...
Program Size: Code=16556 RO-data=1476 RW-data=1260 ZI-data=2004  
".\Objects\STM32.axf" - 0 Error(s), 0 Warning(s).

<h2>Software Packages used:</h2>

Package Vendor: Keil
                http://www.keil.com/pack/Keil.STM32F1xx_DFP.2.2.0.pack
                Keil.STM32F1xx_DFP.2.2.0
                STMicroelectronics STM32F1 Series Device Support, Drivers and Examples

<h2>Collection of Component include folders:</h2>
  .\RTE\_Demo
  D:\software\keil5\ARM\PACK\Keil\STM32F1xx_DFP\2.2.0\Device\Include

<h2>Collection of Component Files used:</h2>
Build Time Elapsed:  00:00:05
</pre>
</body>
</html>
